Archive member included to satisfy reference by file (symbol)

C:/devkitPro/libogc/lib/wii\libwiiuse.a(wpad.o)
                              pikobricker.o (WPAD_Init)
C:/devkitPro/libogc/lib/wii\libwiiuse.a(motion_plus.o)
                              C:/devkitPro/libogc/lib/wii\libwiiuse.a(wpad.o) (wiiuse_set_motion_plus)
C:/devkitPro/libogc/lib/wii\libwiiuse.a(dynamics.o)
                              C:/devkitPro/libogc/lib/wii\libwiiuse.a(wpad.o) (calculate_gforce)
C:/devkitPro/libogc/lib/wii\libwiiuse.a(io.o)
                              C:/devkitPro/libogc/lib/wii\libwiiuse.a(motion_plus.o) (wiiuse_disable_expansion)
C:/devkitPro/libogc/lib/wii\libwiiuse.a(io_wii.o)
                              C:/devkitPro/libogc/lib/wii\libwiiuse.a(wpad.o) (__wiiuse_sensorbar_enable)
C:/devkitPro/libogc/lib/wii\libwiiuse.a(ir.o)
                              C:/devkitPro/libogc/lib/wii\libwiiuse.a(motion_plus.o) (wiiuse_set_ir_mode)
C:/devkitPro/libogc/lib/wii\libwiiuse.a(nunchuk.o)
                              C:/devkitPro/libogc/lib/wii\libwiiuse.a(io.o) (nunchuk_handshake)
C:/devkitPro/libogc/lib/wii\libwiiuse.a(wiiboard.o)
                              C:/devkitPro/libogc/lib/wii\libwiiuse.a(io.o) (wii_board_handshake)
C:/devkitPro/libogc/lib/wii\libwiiuse.a(wiiuse.o)
                              C:/devkitPro/libogc/lib/wii\libwiiuse.a(wpad.o) (wiiuse_init)
C:/devkitPro/libogc/lib/wii\libwiiuse.a(speaker.o)
                              C:/devkitPro/libogc/lib/wii\libwiiuse.a(wpad.o) (wencdata)
C:/devkitPro/libogc/lib/wii\libwiiuse.a(classic.o)
                              C:/devkitPro/libogc/lib/wii\libwiiuse.a(io.o) (classic_ctrl_handshake)
C:/devkitPro/libogc/lib/wii\libwiiuse.a(events.o)
                              C:/devkitPro/libogc/lib/wii\libwiiuse.a(io_wii.o) (parse_event)
C:/devkitPro/libogc/lib/wii\libwiiuse.a(guitar_hero_3.o)
                              C:/devkitPro/libogc/lib/wii\libwiiuse.a(io.o) (guitar_hero_3_handshake)
C:/devkitPro/portlibs/wii/lib\libmidi.a(midii.o)
                              pikobricker.o (libmidi_init)
C:/devkitPro/portlibs/ppc/lib\libwildmidi.a(wildmidi_lib.o)
                              C:/devkitPro/portlibs/wii/lib\libmidi.a(midii.o) (WildMidi_Init)
C:/devkitPro/portlibs/ppc/lib\libwildmidi.a(reverb.o)
                              C:/devkitPro/portlibs/ppc/lib\libwildmidi.a(wildmidi_lib.o) (_WM_reset_reverb)
C:/devkitPro/portlibs/ppc/lib\libwildmidi.a(internal_midi.o)
                              C:/devkitPro/portlibs/ppc/lib\libwildmidi.a(wildmidi_lib.o) (_WM_lin_volume)
C:/devkitPro/portlibs/ppc/lib\libwildmidi.a(patches.o)
                              C:/devkitPro/portlibs/ppc/lib\libwildmidi.a(internal_midi.o) (_WM_get_patch_data)
C:/devkitPro/portlibs/ppc/lib\libwildmidi.a(f_xmidi.o)
                              C:/devkitPro/portlibs/ppc/lib\libwildmidi.a(wildmidi_lib.o) (_WM_ParseNewXmi)
C:/devkitPro/portlibs/ppc/lib\libwildmidi.a(f_mus.o)
                              C:/devkitPro/portlibs/ppc/lib\libwildmidi.a(wildmidi_lib.o) (_WM_ParseNewMus)
C:/devkitPro/portlibs/ppc/lib\libwildmidi.a(f_hmp.o)
                              C:/devkitPro/portlibs/ppc/lib\libwildmidi.a(wildmidi_lib.o) (_WM_ParseNewHmp)
C:/devkitPro/portlibs/ppc/lib\libwildmidi.a(f_midi.o)
                              C:/devkitPro/portlibs/ppc/lib\libwildmidi.a(wildmidi_lib.o) (_WM_ParseNewMidi)
C:/devkitPro/portlibs/ppc/lib\libwildmidi.a(f_hmi.o)
                              C:/devkitPro/portlibs/ppc/lib\libwildmidi.a(wildmidi_lib.o) (_WM_ParseNewHmi)
C:/devkitPro/portlibs/ppc/lib\libwildmidi.a(sample.o)
                              C:/devkitPro/portlibs/ppc/lib\libwildmidi.a(internal_midi.o) (_WM_get_sample_data)
C:/devkitPro/portlibs/ppc/lib\libwildmidi.a(mus2mid.o)
                              C:/devkitPro/portlibs/ppc/lib\libwildmidi.a(wildmidi_lib.o) (_WM_mus2midi)
C:/devkitPro/portlibs/ppc/lib\libwildmidi.a(xmi2mid.o)
                              C:/devkitPro/portlibs/ppc/lib\libwildmidi.a(wildmidi_lib.o) (_WM_xmi2midi)
C:/devkitPro/portlibs/ppc/lib\libwildmidi.a(wm_error.o)
                              C:/devkitPro/portlibs/ppc/lib\libwildmidi.a(wildmidi_lib.o) (_WM_DEBUG_MSG)
C:/devkitPro/portlibs/ppc/lib\libwildmidi.a(file_io.o)
                              C:/devkitPro/portlibs/ppc/lib\libwildmidi.a(wildmidi_lib.o) (_WM_FreeBufferFileImpl)
C:/devkitPro/portlibs/ppc/lib\libwildmidi.a(lock.o)
                              C:/devkitPro/portlibs/ppc/lib\libwildmidi.a(wildmidi_lib.o) (_WM_Lock)
C:/devkitPro/portlibs/ppc/lib\libwildmidi.a(gus_pat.o)
                              C:/devkitPro/portlibs/ppc/lib\libwildmidi.a(sample.o) (_WM_load_gus_pat)
C:/devkitPro/libogc/lib/wii\libfat.a(libfat.o)
                              pikobricker.o (fatInitDefault)
C:/devkitPro/libogc/lib/wii\libfat.a(directory.o)
[...]
Memory Configuration

Name             Origin             Length             Attributes
*default*        0x00000000         0xffffffff

Linker script and memory map

                0x00003400                        . = 0x3400

.stub
 *(.stub)
                0x80004000                        . = 0x80004000

.init           0x80004000      0x194
 *crt0.o(*.init)
 .init          0x80004000      0x170 C:/devkitPro/libogc/lib/wii\libogc.a(ogc_crt0.o)
                0x80004000                _start
                0x80004140                _memset
 *(.init)
 .init          0x80004170        0xc C:/devkitPro/devkitPPC/bin/../lib/gcc/powerpc-eabi/13.2.0/ecrti.o
                0x80004170                __init
 .init          0x8000417c        0x4 C:/devkitPro/devkitPPC/bin/../lib/gcc/powerpc-eabi/13.2.0/crtbegin.o
 .init          0x80004180        0x4 C:/devkitPro/devkitPPC/bin/../lib/gcc/powerpc-eabi/13.2.0/crtend.o
 .init          0x80004184       0x10 C:/devkitPro/devkitPPC/bin/../lib/gcc/powerpc-eabi/13.2.0/ecrtn.o

.rela.dyn       0x80004194        0x0
 .rela.iplt     0x80004194        0x0 C:/devkitPro/devkitPPC/bin/../lib/gcc/powerpc-eabi/13.2.0/crtbegin.o

.plt
 *(.plt)

.interp
 *(.interp)

.hash
 *(.hash)

.dynsym
 *(.dynsym)

.dynstr
 *(.dynstr)

.gnu.version
 *(.gnu.version)

.gnu.version_d
 *(.gnu.version_d)

.gnu.version_r
 *(.gnu.version_r)

.rel.init
 *(.rel.init)

.rela.init
 *(.rela.init)

.rel.text
 *(.rel.text .rel.text.* .rel.gnu.linkonce.t.*)

.rela.text      0x80004194        0x0
 *(.rela.text .rela.text.* .rela.gnu.linkonce.t.*)
 .rela.text.__do_global_dtors_aux
                0x80004194        0x0 C:/devkitPro/devkitPPC/bin/../lib/gcc/powerpc-eabi/13.2.0/crtbegin.o
 .rela.text.frame_dummy
                0x80004194        0x0 C:/devkitPro/devkitPPC/bin/../lib/gcc/powerpc-eabi/13.2.0/crtbegin.o

.rel.fini
 *(.rel.fini)

.rela.fini
 *(.rela.fini)

.rel.rodata
 *(.rel.rodata .rel.rodata.* .rel.gnu.linkonce.r.*)

.rela.rodata
 *(.rela.rodata .rela.rodata.* .rela.gnu.linkonce.r.*)

.rel.data
 *(.rel.data .rel.data.* .rel.gnu.linkonce.d.*)

.rela.data
 *(.rela.data .rela.data.* .rela.gnu.linkonce.d.*)

.rel.tdata
 *(.rel.tdata .rel.tdata.* .rel.gnu.linkonce.td.*)

.rela.tdata
 *(.rela.tdata .rela.tdata.* .rela.gnu.linkonce.td.*)

.rel.tbss
 *(.rel.tbss .rel.tbss.* .rel.gnu.linkonce.tb.*)

.rela.tbss
 *(.rela.tbss .rela.tbss.* .rela.gnu.linkonce.tb.*)

.rel.ctors
 *(.rel.ctors)

.rela.ctors
 *(.rela.ctors)

.rel.dtors
 *(.rel.dtors)

.rela.dtors
 *(.rela.dtors)

.rel.got
 *(.rel.got)

.rela.got
 *(.rela.got)

.rela.got1
 *(.rela.got1)

.rela.got2
 *(.rela.got2)

.rel.sdata
 *(.rel.sdata .rel.sdata.* .rel.gnu.linkonce.s.*)

.rela.sdata
 *(.rela.sdata .rela.sdata.* .rela.gnu.linkonce.s.*)

.rel.sbss
 *(.rel.sbss .rel.sbss.* .rel.gnu.linkonce.sb.*)

.rela.sbss
 *(.rela.sbss .rela.sbss.* .rel.gnu.linkonce.sb.*)

.rel.sdata2
 *(.rel.sdata2 .rel.sdata2.* .rel.gnu.linkonce.s2.*)

.rela.sdata2
 *(.rela.sdata2 .rela.sdata2.* .rela.gnu.linkonce.s2.*)

.rel.sbss2
 *(.rel.sbss2 .rel.sbss2.* .rel.gnu.linkonce.sb2.*)

.rela.sbss2
 *(.rela.sbss2 .rela.sbss2.* .rela.gnu.linkonce.sb2.*)

.rel.bss
 *(.rel.bss .rel.bss.* .rel.gnu.linkonce.b.*)

.rela.bss
 *(.rela.bss .rela.bss.* .rela.gnu.linkonce.b.*)

.rel.plt
 *(.rel.plt)

.rela.plt
 *(.rela.plt)

.text           0x800041a0    0x65c80
 *(.text)
 .text          0x800041a0      0x44c C:/devkitPro/libogc/lib/wii\libogc.a(lwp_handler.o)
                0x800041a0                _cpu_context_save_fp
                0x800042e0                _cpu_context_restore_fp
                0x80004420                _cpu_context_switch
                0x80004500                _cpu_context_save
                0x80004580                _cpu_context_restore
 .text          0x800045ec      0x4f4 C:/devkitPro/libogc/lib/wii\libogc.a(cache_asm.o)
                0x800045ec                DCFlashInvalidate
                0x80004600                DCEnable
                0x80004614                DCDisable
                0x80004628                DCFreeze
                0x8000463c                DCUnfreeze
                0x80004650                DCTouchLoad
                0x80004658                DCBlockZero
                0x80004660                DCBlockStore
                0x80004668                DCBlockFlush
                0x80004670                DCBlockInvalidate
                0x80004678                DCInvalidateRange
                0x800046a8                DCFlushRange
                0x800046dc                DCStoreRange
                0x80004710                DCFlushRangeNoSync
                0x80004740                DCStoreRangeNoSync
                0x80004770                DCZeroRange
                0x800047a0                DCTouchRange
                0x800047d0                ICInvalidateRange
                0x80004808                ICFlashInvalidate
                0x8000481c                ICEnable
                0x80004830                ICDisable
                0x80004844                ICFreeze
                0x80004858                ICUnfreeze
                0x8000486c                ICBlockInvalidate
                0x80004874                ICSync
                0x8000487c                L2Init
                0x800048c4                L2Enable
                0x800048e0                L2Disable
                0x800048f8                L2GlobalInvalidate
                0x80004950                __LCEnable
                0x80004a1c                LCDisable
                0x80004a44                LCAllocOneTag
                0x80004a58                LCAllocTags
                0x80004a98                LCLoadBlocks
                0x80004abc                LCStoreBlocks
 .text          0x80004ae0      0x4a0 C:/devkitPro/libogc/lib/wii\libogc.a(system_asm.o)
                0x80004ae0                __realmode
                0x80004af8                __configBATS
                0x80004c28                __InitFPRS
                0x80004d54                __InitPS
                0x80004db0                __InitCache
                0x80004e08                __InitSystem
                0x80004e90                __flush_cache
                0x80004ec4                __reset
                0x80004f34                __InitBATS
                0x80004f50                SYS_SwitchFiber
 .text          0x80004f80      0x1ac C:/devkitPro/libogc/lib/wii\libogc.a(irq_handler.o)
                0x80004f80                irq_exceptionhandler
 .text          0x8000512c      0x118 C:/devkitPro/libogc/lib/wii\libogc.a(video_asm.o)
                0x8000512c                __VIClearFramebuffer
 .text          0x80005244      0x1ac C:/devkitPro/libogc/lib/wii\libogc.a(decrementer_handler.o)
                0x80005244                dec_exceptionhandler
 .text          0x800053f0      0x35c C:/devkitPro/libogc/lib/wii\libogc.a(exception_handler.o)
                0x800053f0                exceptionhandler_start
                0x8000546c                exceptionhandler_patch
                0x800054a0                exceptionhandler_end
                0x800054a4                default_exceptionhandler
                0x800055d4                fpu_exceptionhandler
                0x8000571c                systemcallhandler_start
                0x80005748                systemcallhandler_end
 .text          0x8000574c       0x48 C:/devkitPro/devkitPPC/bin/../lib/gcc/powerpc-eabi/13.2.0\libgcc.a(eabi.o)
                0x8000574c                __eabi
 .text          0x80005794       0x58 C:/devkitPro/devkitPPC/bin/../lib/gcc/powerpc-eabi/13.2.0\libgcc.a(crtresxgpr.o)
                0x80005794                _restgpr_14_x
                0x80005798                _restgpr_15_x
                0x8000579c                _restgpr_16_x
                0x800057a0                _restgpr_17_x
                0x800057a4                _restgpr_18_x
                0x800057a8                _restgpr_19_x
                0x800057ac                _restgpr_20_x
                0x800057b0                _restgpr_21_x
                0x800057b4                _restgpr_22_x
                0x800057b8                _restgpr_23_x
                0x800057bc                _restgpr_24_x
                0x800057c0                _restgpr_25_x
                0x800057c4                _restgpr_26_x
                0x800057c8                _restgpr_27_x
                0x800057cc                _restgpr_28_x
                0x800057d0                _restgpr_29_x
                0x800057d4                _restgpr_30_x
                0x800057d8                _restgpr_31_x
 .text          0x800057ec       0x58 C:/devkitPro/devkitPPC/bin/../lib/gcc/powerpc-eabi/13.2.0\libgcc.a(crtresxfpr.o)
                0x800057ec                _restfpr_14_x
                0x800057f0                _restfpr_15_x
                0x800057f4                _restfpr_16_x
                0x800057f8                _restfpr_17_x
                0x800057fc                _restfpr_18_x
                0x80005800                _restfpr_19_x
                0x80005804                _restfpr_20_x
                0x80005808                _restfpr_21_x
                0x8000580c                _restfpr_22_x
                0x80005810                _restfpr_23_x
                0x80005814                _restfpr_24_x
                0x80005818                _restfpr_25_x
                0x8000581c                _restfpr_26_x
                0x80005820                _restfpr_27_x
                0x80005824                _restfpr_28_x
                0x80005828                _restfpr_29_x
                0x8000582c                _restfpr_30_x
                0x80005830                _restfpr_31_x
 *(.text.*)
 .text.__do_global_dtors_aux
                0x80005844       0xcc C:/devkitPro/devkitPPC/bin/../lib/gcc/powerpc-eabi/13.2.0/crtbegin.o
 .text.frame_dummy
                0x80005910       0x24 C:/devkitPro/devkitPPC/bin/../lib/gcc/powerpc-eabi/13.2.0/crtbegin.o
 .text.__crtmain
                0x80005934       0x44 C:/devkitPro/devkitPPC/bin/../lib/gcc/powerpc-eabi/13.2.0/../../../../powerpc-eabi/lib/crtmain.o
                0x80005938                __crtmain
 .text.startup.main
                0x80005978      0x3cc pikobricker.o
                0x80005978                main
 .text.__wpad_assign_slot
                0x80005d44      0x254 C:/devkitPro/libogc/lib/wii\libwiiuse.a(wpad.o)
                0x80005d44                __wpad_assign_slot
 .text.__wpad_def_powcb
                0x80005f98        0x4 C:/devkitPro/libogc/lib/wii\libwiiuse.a(wpad.o)
 .text.__readlinkkey_finished
                0x80005f9c       0x34 C:/devkitPro/libogc/lib/wii\libwiiuse.a(wpad.o)
 .text.__wpad_patch_finished
                0x80005fd0       0x2c C:/devkitPro/libogc/lib/wii\libwiiuse.a(wpad.o)
 .text.__wpad_setfmt
                0x80005ffc      0x14c C:/devkitPro/libogc/lib/wii\libwiiuse.a(wpad.o)
 .text.__wpad_eventCB
                0x80006148      0xad4 C:/devkitPro/libogc/lib/wii\libwiiuse.a(wpad.o)
 .text.__wpad_disconnectCB
                0x80006c1c       0xd4 C:/devkitPro/libogc/lib/wii\libwiiuse.a(wpad.o)
                0x80006c1c                __wpad_disconnectCB
 .text.__wpad_timeouthandler
                0x80006cf0       0xa8 C:/devkitPro/libogc/lib/wii\libwiiuse.a(wpad.o)
 .text.__initcore_finished
                0x80006d98       0x48 C:/devkitPro/libogc/lib/wii\libwiiuse.a(wpad.o)
 .text.__wpad_init_finished
                0x80006de0      0x194 C:/devkitPro/libogc/lib/wii\libwiiuse.a(wpad.o)
 .text.WPAD_ReadEvent
                0x80006f74      0x68c C:/devkitPro/libogc/lib/wii\libwiiuse.a(wpad.o)
                0x80006f74                WPAD_ReadEvent
 .text.WPAD_ReadPending
                0x80007600      0x1a0 C:/devkitPro/libogc/lib/wii\libwiiuse.a(wpad.o)
                0x80007600                WPAD_ReadPending
 .text.WPAD_Shutdown
                0x800077a0      0x114 C:/devkitPro/libogc/lib/wii\libwiiuse.a(wpad.o)
                0x800077a0                WPAD_Shutdown
 .text.WPAD_Init
                0x800078b4      0x2c4 C:/devkitPro/libogc/lib/wii\libwiiuse.a(wpad.o)
                0x800078b4                WPAD_Init
 .text.__wpad_onreset
                0x80007b78       0x34 C:/devkitPro/libogc/lib/wii\libwiiuse.a(wpad.o)
 .text.WPAD_ScanPads
                0x80007bac       0x90 C:/devkitPro/libogc/lib/wii\libwiiuse.a(wpad.o)
                0x80007bac                WPAD_ScanPads
 .text.WPAD_ButtonsDown
                0x80007c3c       0x28 C:/devkitPro/libogc/lib/wii\libwiiuse.a(wpad.o)
                0x80007c3c                WPAD_ButtonsDown
 .text.motion_plus_disconnected
                0x80007c64       0x10 C:/devkitPro/libogc/lib/wii\libwiiuse.a(motion_plus.o)
                0x80007c64                motion_plus_disconnected
 .text.motion_plus_event
                0x80007c74       0x64 C:/devkitPro/libogc/lib/wii\libwiiuse.a(motion_plus.o)
                0x80007c74                motion_plus_event
 .text.calculate_gforce
                0x80007cd8      0x114 C:/devkitPro/libogc/lib/wii\libwiiuse.a(dynamics.o)
                0x80007cd8                calculate_gforce
 .text.calc_joystick_state
                0x80007dec      0x210 C:/devkitPro/libogc/lib/wii\libwiiuse.a(dynamics.o)
                0x80007dec                calc_joystick_state
 .text.apply_smoothing
                0x80007ffc      0x140 C:/devkitPro/libogc/lib/wii\libwiiuse.a(dynamics.o)
                0x80007ffc                apply_smoothing
 .text.calculate_orientation
                0x8000813c      0x340 C:/devkitPro/libogc/lib/wii\libwiiuse.a(dynamics.o)
                0x8000813c                calculate_orientation
 .text.calc_balanceboard_state
                0x8000847c      0x3a4 C:/devkitPro/libogc/lib/wii\libwiiuse.a(dynamics.o)
                0x8000847c                calc_balanceboard_state
 .text.wiiuse_handshake
                0x80008820      0x27c C:/devkitPro/libogc/lib/wii\libwiiuse.a(io.o)
                0x80008820                wiiuse_handshake
 .text.wiiuse_handshake_expansion
                0x80008a9c      0x1f0 C:/devkitPro/libogc/lib/wii\libwiiuse.a(io.o)
                0x80008a9c                wiiuse_handshake_expansion
 .text.wiiuse_handshake_expansion_start
                0x80008c8c       0x5c C:/devkitPro/libogc/lib/wii\libwiiuse.a(io.o)
                0x80008c8c                wiiuse_handshake_expansion_start
 .text.wiiuse_disable_expansion
                0x80008ce8      0x1b0 C:/devkitPro/libogc/lib/wii\libwiiuse.a(io.o)
                0x80008ce8                wiiuse_disable_expansion
 .text.__wiiuse_connected
                0x80008e98       0x9c C:/devkitPro/libogc/lib/wii\libwiiuse.a(io_wii.o)
 .text.__wiiuse_disconnected
                0x80008f34       0xb4 C:/devkitPro/libogc/lib/wii\libwiiuse.a(io_wii.o)
 .text.__wiiuse_receive
                0x80008fe8       0xd0 C:/devkitPro/libogc/lib/wii\libwiiuse.a(io_wii.o)
 .text.__wiiuse_sensorbar_enable
                0x800090b8       0x54 C:/devkitPro/libogc/lib/wii\libwiiuse.a(io_wii.o)
                0x800090b8                __wiiuse_sensorbar_enable
 .text.wiiuse_register
                0x8000910c       0xf0 C:/devkitPro/libogc/lib/wii\libwiiuse.a(io_wii.o)
                0x8000910c                wiiuse_register
 .text.wiiuse_disconnect
                0x800091fc       0x24 C:/devkitPro/libogc/lib/wii\libwiiuse.a(io_wii.o)
                0x800091fc                wiiuse_disconnect
 .text.wiiuse_init_cmd_queue
                0x80009220       0x9c C:/devkitPro/libogc/lib/wii\libwiiuse.a(io_wii.o)
                0x80009220                wiiuse_init_cmd_queue
 .text.wiiuse_io_write
                0x800092bc       0x1c C:/devkitPro/libogc/lib/wii\libwiiuse.a(io_wii.o)
                0x800092bc                wiiuse_io_write
 .text.rotate_dots
                0x800092d8      0x13c C:/devkitPro/libogc/lib/wii\libwiiuse.a(ir.o)
 .text.get_ir_sens.constprop.0.isra.0
                0x80009414       0xdc C:/devkitPro/libogc/lib/wii\libwiiuse.a(ir.o)
 .text.wiiuse_set_ir_mode
                0x800094f0       0x5c C:/devkitPro/libogc/lib/wii\libwiiuse.a(ir.o)
                0x800094f0                wiiuse_set_ir_mode
 .text.wiiuse_set_ir
                0x8000954c      0x204 C:/devkitPro/libogc/lib/wii\libwiiuse.a(ir.o)
                0x8000954c                wiiuse_set_ir
 .text.wiiuse_set_ir_position
                0x80009750       0x80 C:/devkitPro/libogc/lib/wii\libwiiuse.a(ir.o)
                0x80009750                wiiuse_set_ir_position
 .text.wiiuse_set_aspect_ratio
                0x800097d0       0xac C:/devkitPro/libogc/lib/wii\libwiiuse.a(ir.o)
                0x800097d0                wiiuse_set_aspect_ratio
 .text.wiiuse_set_ir_sensitivity
                0x8000987c       0xe4 C:/devkitPro/libogc/lib/wii\libwiiuse.a(ir.o)
                0x8000987c                wiiuse_set_ir_sensitivity
 .text.calculate_basic_ir
                0x80009960       0xe8 C:/devkitPro/libogc/lib/wii\libwiiuse.a(ir.o)
                0x80009960                calculate_basic_ir
 .text.calculate_extended_ir
                0x80009a48       0x64 C:/devkitPro/libogc/lib/wii\libwiiuse.a(ir.o)
                0x80009a48                calculate_extended_ir
 .text.find_sensorbar
                0x80009aac      0xa00 C:/devkitPro/libogc/lib/wii\libwiiuse.a(ir.o)
                0x80009aac                find_sensorbar
 .text.apply_ir_smoothing
                0x8000a4ac      0x124 C:/devkitPro/libogc/lib/wii\libwiiuse.a(ir.o)
                0x8000a4ac                apply_ir_smoothing
 .text.interpret_ir_data
                0x8000a5d0      0x3c8 C:/devkitPro/libogc/lib/wii\libwiiuse.a(ir.o)
                0x8000a5d0                interpret_ir_data
 .text.nunchuk_handshake
                0x8000a998      0x31c C:/devkitPro/libogc/lib/wii\libwiiuse.a(nunchuk.o)
                0x8000a998                nunchuk_handshake
 .text.nunchuk_disconnected
                0x8000acb4        0xc C:/devkitPro/libogc/lib/wii\libwiiuse.a(nunchuk.o)
                0x8000acb4                nunchuk_disconnected
 .text.nunchuk_event
                0x8000acc0       0xe8 C:/devkitPro/libogc/lib/wii\libwiiuse.a(nunchuk.o)
                0x8000acc0                nunchuk_event
 .text.wii_board_handshake
                0x8000ada8      0x284 C:/devkitPro/libogc/lib/wii\libwiiuse.a(wiiboard.o)
                0x8000ada8                wii_board_handshake
 .text.wii_board_disconnected
                0x8000b02c        0xc C:/devkitPro/libogc/lib/wii\libwiiuse.a(wiiboard.o)
                0x8000b02c                wii_board_disconnected
 .text.wii_board_event
                0x8000b038       0x24 C:/devkitPro/libogc/lib/wii\libwiiuse.a(wiiboard.o)
                0x8000b038                wii_board_event
 .text.wiiuse_send_next_command
                0x8000b05c       0x58 C:/devkitPro/libogc/lib/wii\libwiiuse.a(wiiuse.o)
                0x8000b05c                wiiuse_send_next_command
 .text.wiiuse_init
                0x8000b0b4      0x208 C:/devkitPro/libogc/lib/wii\libwiiuse.a(wiiuse.o)
                0x8000b0b4                wiiuse_init
 .text.wiiuse_set_flags
                0x8000b2bc       0x28 C:/devkitPro/libogc/lib/wii\libwiiuse.a(wiiuse.o)
                0x8000b2bc                wiiuse_set_flags
 .text.wiiuse_read_data
                0x8000b2e4      0x154 C:/devkitPro/libogc/lib/wii\libwiiuse.a(wiiuse.o)
                0x8000b2e4                wiiuse_read_data
 .text.wiiuse_write_data
                0x8000b438      0x18c C:/devkitPro/libogc/lib/wii\libwiiuse.a(wiiuse.o)
                0x8000b438                wiiuse_write_data
 .text.wiiuse_sendcmd
                0x8000b5c4      0x144 C:/devkitPro/libogc/lib/wii\libwiiuse.a(wiiuse.o)
                0x8000b5c4                wiiuse_sendcmd
 .text.wiiuse_set_leds
                0x8000b708       0x50 C:/devkitPro/libogc/lib/wii\libwiiuse.a(wiiuse.o)
                0x8000b708                wiiuse_set_leds
 .text.wiiuse_set_report_type
                0x8000b758       0xb0 C:/devkitPro/libogc/lib/wii\libwiiuse.a(wiiuse.o)
                0x8000b758                wiiuse_set_report_type
 .text.wiiuse_status
                0x8000b808       0x4c C:/devkitPro/libogc/lib/wii\libwiiuse.a(wiiuse.o)
                0x8000b808                wiiuse_status
 .text.wiiuse_motion_sensing
                0x8000b854       0x84 C:/devkitPro/libogc/lib/wii\libwiiuse.a(wiiuse.o)
                0x8000b854                wiiuse_motion_sensing
 .text.wiiuse_set_speaker
                0x8000b8d8      0x24c C:/devkitPro/libogc/lib/wii\libwiiuse.a(speaker.o)
                0x8000b8d8                wiiuse_set_speaker
 .text.classic_ctrl_handshake
                0x8000bb24      0x410 C:/devkitPro/libogc/lib/wii\libwiiuse.a(classic.o)
                0x8000bb24                classic_ctrl_handshake
 .text.classic_ctrl_disconnected
                0x8000bf34        0xc C:/devkitPro/libogc/lib/wii\libwiiuse.a(classic.o)
                0x8000bf34                classic_ctrl_disconnected
 .text.classic_ctrl_event
                0x8000bf40      0x15c C:/devkitPro/libogc/lib/wii\libwiiuse.a(classic.o)
                0x8000bf40                classic_ctrl_event
 .text.handle_expansion
                0x8000c09c       0x54 C:/devkitPro/libogc/lib/wii\libwiiuse.a(events.o)
 .text.parse_event
                0x8000c0f0      0x730 C:/devkitPro/libogc/lib/wii\libwiiuse.a(events.o)
                0x8000c0f0                parse_event
 .text.guitar_hero_3_handshake
                0x8000c820       0x5c C:/devkitPro/libogc/lib/wii\libwiiuse.a(guitar_hero_3.o)
                0x8000c820                guitar_hero_3_handshake
 .text.guitar_hero_3_disconnected
                0x8000c87c        0xc C:/devkitPro/libogc/lib/wii\libwiiuse.a(guitar_hero_3.o)
                0x8000c87c                guitar_hero_3_disconnected
 .text.guitar_hero_3_event
                0x8000c888       0x60 C:/devkitPro/libogc/lib/wii\libwiiuse.a(guitar_hero_3.o)
                0x8000c888                guitar_hero_3_event
 .text.libmidi_playerFunction
                0x8000c8e8       0xd4 C:/devkitPro/portlibs/wii/lib\libmidi.a(midii.o)
                0x8000c8e8                libmidi_playerFunction
 .text.libmidi_init
                0x8000c9bc       0x5c C:/devkitPro/portlibs/wii/lib\libmidi.a(midii.o)
                0x8000c9bc                libmidi_init
 .text.libmidi_play
                0x8000ca18       0x94 C:/devkitPro/portlibs/wii/lib\libmidi.a(midii.o)
                0x8000ca18                libmidi_play
 .text.libmidi_renderMidi
                0x8000caac      0x118 C:/devkitPro/portlibs/wii/lib\libmidi.a(midii.o)
                0x8000caac                libmidi_renderMidi
 .text.add_handle
                0x8000cbc4      0x100 C:/devkitPro/portlibs/ppc/lib\libwildmidi.a(wildmidi_lib.o)
 .text.WM_FreePatches
                0x8000ccc4       0xd0 C:/devkitPro/portlibs/ppc/lib\libwildmidi.a(wildmidi_lib.o)
 .text.init_gauss
                0x8000cd94      0x3e8 C:/devkitPro/portlibs/ppc/lib\libwildmidi.a(wildmidi_lib.o)
 .text.wm_strcasecmp.part.0
                0x8000d17c       0x88 C:/devkitPro/portlibs/ppc/lib\libwildmidi.a(wildmidi_lib.o)
 .text.wm_strncasecmp.part.0
                0x8000d204      0x47c C:/devkitPro/portlibs/ppc/lib\libwildmidi.a(wildmidi_lib.o)
 .text.load_config
                0x8000d680     0x16c8 C:/devkitPro/portlibs/ppc/lib\libwildmidi.a(wildmidi_lib.o)
 .text._WM_Init
                0x8000ed48      0x1ac C:/devkitPro/portlibs/ppc/lib\libwildmidi.a(wildmidi_lib.o)
 .text._cvt_get_option
                0x8000eef4       0xb0 C:/devkitPro/portlibs/ppc/lib\libwildmidi.a(wildmidi_lib.o)
                0x8000eef4                _cvt_get_option
 .text.WildMidi_Init
                0x8000efa4       0x4c C:/devkitPro/portlibs/ppc/lib\libwildmidi.a(wildmidi_lib.o)
                0x8000efa4                WildMidi_Init
 .text.WildMidi_Close
                0x8000eff0      0x15c C:/devkitPro/portlibs/ppc/lib\libwildmidi.a(wildmidi_lib.o)
                0x8000eff0                WildMidi_Close
 .text.WildMidi_Open
                0x8000f14c      0x21c C:/devkitPro/portlibs/ppc/lib\libwildmidi.a(wildmidi_lib.o)
                0x8000f14c                WildMidi_Open
 .text.WildMidi_GetOutput
                0x8000f368     0x1018 C:/devkitPro/portlibs/ppc/lib\libwildmidi.a(wildmidi_lib.o)
                0x8000f368                WildMidi_GetOutput
 .text._WM_reset_reverb
                0x80010380      0x668 C:/devkitPro/portlibs/ppc/lib\libwildmidi.a(reverb.o)
                0x80010380                _WM_reset_reverb
 .text._WM_init_reverb
                0x800109e8      0x7dc C:/devkitPro/portlibs/ppc/lib\libwildmidi.a(reverb.o)
                0x800109e8                _WM_init_reverb
 .text._WM_free_reverb
                0x800111c4       0x4c C:/devkitPro/portlibs/ppc/lib\libwildmidi.a(reverb.o)
                0x800111c4                _WM_free_reverb
 .text._WM_do_reverb
                0x80011210      0xb1c C:/devkitPro/portlibs/ppc/lib\libwildmidi.a(reverb.o)
                0x80011210                _WM_do_reverb
 .text._WM_do_midi_divisions
                0x80011d2c        0x4 C:/devkitPro/portlibs/ppc/lib\libwildmidi.a(internal_midi.o)
                0x80011d2c                _WM_do_midi_divisions
 .text._WM_do_control_bank_select
                0x80011d30       0x18 C:/devkitPro/portlibs/ppc/lib\libwildmidi.a(internal_midi.o)
                0x80011d30                _WM_do_control_bank_select
 .text._WM_do_control_data_entry_course
                0x80011d48       0x5c C:/devkitPro/portlibs/ppc/lib\libwildmidi.a(internal_midi.o)
                0x80011d48                _WM_do_control_data_entry_course
 .text._WM_do_control_data_entry_fine
                0x80011da4       0x54 C:/devkitPro/portlibs/ppc/lib\libwildmidi.a(internal_midi.o)
                0x80011da4                _WM_do_control_data_entry_fine
 .text._WM_do_control_channel_hold
                0x80011df8      0x120 C:/devkitPro/portlibs/ppc/lib\libwildmidi.a(internal_midi.o)
                0x80011df8                _WM_do_control_channel_hold
 .text._WM_do_control_data_increment
                0x80011f18       0x40 C:/devkitPro/portlibs/ppc/lib\libwildmidi.a(internal_midi.o)
                0x80011f18                _WM_do_control_data_increment
 .text._WM_do_control_data_decrement
                0x80011f58       0x40 C:/devkitPro/portlibs/ppc/lib\libwildmidi.a(internal_midi.o)
                0x80011f58                _WM_do_control_data_decrement
 .text._WM_do_control_non_registered_param_fine
                0x80011f98       0x2c C:/devkitPro/portlibs/ppc/lib\libwildmidi.a(internal_midi.o)
                0x80011f98                _WM_do_control_non_registered_param_fine
 .text._WM_do_control_non_registered_param_course
                0x80011fc4       0x28 C:/devkitPro/portlibs/ppc/lib\libwildmidi.a(internal_midi.o)
                0x80011fc4                _WM_do_control_non_registered_param_course
 .text._WM_do_control_registered_param_fine
                0x80011fec       0x2c C:/devkitPro/portlibs/ppc/lib\libwildmidi.a(internal_midi.o)
                0x80011fec                _WM_do_control_registered_param_fine
 .text._WM_do_control_registered_param_course
                0x80012018       0x28 C:/devkitPro/portlibs/ppc/lib\libwildmidi.a(internal_midi.o)
                0x80012018                _WM_do_control_registered_param_course
 .text._WM_do_control_channel_sound_off
                0x80012040       0x58 C:/devkitPro/portlibs/ppc/lib\libwildmidi.a(internal_midi.o)
                0x80012040                _WM_do_control_channel_sound_off
 .text._WM_do_control_channel_notes_off
                0x80012098       0xc4 C:/devkitPro/portlibs/ppc/lib\libwildmidi.a(internal_midi.o)
                0x80012098                _WM_do_control_channel_notes_off
 .text._WM_do_meta_text
                0x8001215c       0x1c C:/devkitPro/portlibs/ppc/lib\libwildmidi.a(internal_midi.o)
                0x8001215c                _WM_do_meta_text
 .text._WM_do_meta_lyric
                0x80012178       0x1c C:/devkitPro/portlibs/ppc/lib\libwildmidi.a(internal_midi.o)
                0x80012178                _WM_do_meta_lyric
 .text._WM_do_patch
                0x80012194       0x74 C:/devkitPro/portlibs/ppc/lib\libwildmidi.a(internal_midi.o)
                0x80012194                _WM_do_patch
 .text._WM_do_sysex_roland_drum_track
                0x80012208       0x98 C:/devkitPro/portlibs/ppc/lib\libwildmidi.a(internal_midi.o)
                0x80012208                _WM_do_sysex_roland_drum_track
 .text._WM_CheckEventMemoryPool
                0x800122a0       0x54 C:/devkitPro/portlibs/ppc/lib\libwildmidi.a(internal_midi.o)
 .text.strip_text
                0x800122f4       0x8c C:/devkitPro/portlibs/ppc/lib\libwildmidi.a(internal_midi.o)
 .text._WM_do_meta_marker
                0x80012380        0x4 C:/devkitPro/portlibs/ppc/lib\libwildmidi.a(internal_midi.o)
                0x80012380                _WM_do_meta_marker
 .text._WM_do_meta_cuepoint
                0x80012384        0x4 C:/devkitPro/portlibs/ppc/lib\libwildmidi.a(internal_midi.o)
                0x80012384                _WM_do_meta_cuepoint
 .text._WM_do_control_dummy
                0x80012388        0x4 C:/devkitPro/portlibs/ppc/lib\libwildmidi.a(internal_midi.o)
                0x80012388                _WM_do_control_dummy
 .text._WM_do_meta_tempo
                0x8001238c        0x4 C:/devkitPro/portlibs/ppc/lib\libwildmidi.a(internal_midi.o)
                0x8001238c                _WM_do_meta_tempo
 .text._WM_do_meta_timesignature
                0x80012390        0x4 C:/devkitPro/portlibs/ppc/lib\libwildmidi.a(internal_midi.o)
                0x80012390                _WM_do_meta_timesignature
 .text._WM_do_meta_keysignature
                0x80012394        0x4 C:/devkitPro/portlibs/ppc/lib\libwildmidi.a(internal_midi.o)
                0x80012394                _WM_do_meta_keysignature
 .text._WM_do_meta_sequenceno
                0x80012398        0x4 C:/devkitPro/portlibs/ppc/lib\libwildmidi.a(internal_midi.o)
                0x80012398                _WM_do_meta_sequenceno
 .text._WM_do_meta_channelprefix
                0x8001239c        0x4 C:/devkitPro/portlibs/ppc/lib\libwildmidi.a(internal_midi.o)
                0x8001239c                _WM_do_meta_channelprefix
 .text._WM_do_meta_portprefix
                0x800123a0        0x4 C:/devkitPro/portlibs/ppc/lib\libwildmidi.a(internal_midi.o)
                0x800123a0                _WM_do_meta_portprefix
 .text._WM_do_meta_smpteoffset
                0x800123a4        0x4 C:/devkitPro/portlibs/ppc/lib\libwildmidi.a(internal_midi.o)
                0x800123a4                _WM_do_meta_smpteoffset
 .text._WM_do_meta_copyright
                0x800123a8        0x4 C:/devkitPro/portlibs/ppc/lib\libwildmidi.a(internal_midi.o)
                0x800123a8                _WM_do_meta_copyright
 .text._WM_do_meta_trackname
                0x800123ac        0x4 C:/devkitPro/portlibs/ppc/lib\libwildmidi.a(internal_midi.o)
                0x800123ac                _WM_do_meta_trackname
 .text._WM_do_meta_instrumentname
                0x800123b0        0x4 C:/devkitPro/portlibs/ppc/lib\libwildmidi.a(internal_midi.o)
                0x800123b0                _WM_do_meta_instrumentname
 .text._WM_do_pitch
                0x800123b4      0x15c C:/devkitPro/portlibs/ppc/lib\libwildmidi.a(internal_midi.o)
                0x800123b4                _WM_do_pitch
 .text._WM_do_meta_endoftrack
                0x80012510       0xa8 C:/devkitPro/portlibs/ppc/lib\libwildmidi.a(internal_midi.o)
                0x80012510                _WM_do_meta_endoftrack
 .text._WM_do_note_off
                0x800125b8      0x174 C:/devkitPro/portlibs/ppc/lib\libwildmidi.a(internal_midi.o)
                0x800125b8                _WM_do_note_off
 .text.midi_setup_sysex_gm_reset.isra.0
                0x8001272c       0xd0 C:/devkitPro/portlibs/ppc/lib\libwildmidi.a(internal_midi.o)
 .text._WM_AdjustNoteVolumes
                0x800127fc      0x25c C:/devkitPro/portlibs/ppc/lib\libwildmidi.a(internal_midi.o)
                0x800127fc                _WM_AdjustNoteVolumes
 .text._WM_do_aftertouch
                0x80012a58      0x2c0 C:/devkitPro/portlibs/ppc/lib\libwildmidi.a(internal_midi.o)
                0x80012a58                _WM_do_aftertouch
 .text._WM_do_channel_pressure
                0x80012d18       0xd8 C:/devkitPro/portlibs/ppc/lib\libwildmidi.a(internal_midi.o)
                0x80012d18                _WM_do_channel_pressure
 .text._WM_do_note_on
                0x80012df0      0x3d4 C:/devkitPro/portlibs/ppc/lib\libwildmidi.a(internal_midi.o)
                0x80012df0                _WM_do_note_on
 .text._WM_do_sysex_roland_reset
                0x800131c4      0x16c C:/devkitPro/portlibs/ppc/lib\libwildmidi.a(internal_midi.o)
                0x800131c4                _WM_do_sysex_roland_reset
 .text._WM_do_control_channel_pan
                0x80013330      0x10c C:/devkitPro/portlibs/ppc/lib\libwildmidi.a(internal_midi.o)
                0x80013330                _WM_do_control_channel_pan
 .text._WM_do_control_channel_expression
                0x8001343c      0x10c C:/devkitPro/portlibs/ppc/lib\libwildmidi.a(internal_midi.o)
                0x8001343c                _WM_do_control_channel_expression
 .text._WM_do_control_channel_volume
                0x80013548      0x10c C:/devkitPro/portlibs/ppc/lib\libwildmidi.a(internal_midi.o)
                0x80013548                _WM_do_control_channel_volume
 .text._WM_do_control_channel_balance
                0x80013654      0x10c C:/devkitPro/portlibs/ppc/lib\libwildmidi.a(internal_midi.o)
                0x80013654                _WM_do_control_channel_balance
 .text._WM_do_control_channel_controllers_off
                0x80013760      0x128 C:/devkitPro/portlibs/ppc/lib\libwildmidi.a(internal_midi.o)
                0x80013760                _WM_do_control_channel_controllers_off
 .text._WM_GetSamplesPerTick
                0x80013888       0x7c C:/devkitPro/portlibs/ppc/lib\libwildmidi.a(internal_midi.o)
                0x80013888                _WM_GetSamplesPerTick
 .text._WM_do_note_off_extra
                0x80013904       0xc0 C:/devkitPro/portlibs/ppc/lib\libwildmidi.a(internal_midi.o)
                0x80013904                _WM_do_note_off_extra
 .text._WM_do_sysex_gm_reset
                0x800139c4      0x16c C:/devkitPro/portlibs/ppc/lib\libwildmidi.a(internal_midi.o)
                0x800139c4                _WM_do_sysex_gm_reset
 .text._WM_ResetToStart
                0x80013b30      0x1c8 C:/devkitPro/portlibs/ppc/lib\libwildmidi.a(internal_midi.o)
                0x80013b30                _WM_ResetToStart
 .text._WM_midi_setup_divisions
                0x80013cf8       0xd8 C:/devkitPro/portlibs/ppc/lib\libwildmidi.a(internal_midi.o)
                0x80013cf8                _WM_midi_setup_divisions
 .text._WM_midi_setup_noteoff
                0x80013dd0       0xc0 C:/devkitPro/portlibs/ppc/lib\libwildmidi.a(internal_midi.o)
                0x80013dd0                _WM_midi_setup_noteoff
 .text._WM_midi_setup_endoftrack
                0x80013e90       0x98 C:/devkitPro/portlibs/ppc/lib\libwildmidi.a(internal_midi.o)
                0x80013e90                _WM_midi_setup_endoftrack
 .text._WM_midi_setup_tempo
                0x80013f28       0xa4 C:/devkitPro/portlibs/ppc/lib\libwildmidi.a(internal_midi.o)
                0x80013f28                _WM_midi_setup_tempo
 .text._WM_initMDI
                0x80013fcc       0xbc C:/devkitPro/portlibs/ppc/lib\libwildmidi.a(internal_midi.o)
                0x80013fcc                _WM_initMDI
 .text._WM_freeMDI
                0x80014088      0x1d0 C:/devkitPro/portlibs/ppc/lib\libwildmidi.a(internal_midi.o)
                0x80014088                _WM_freeMDI
 .text._WM_SetupMidiEvent
                0x80014258     0x1814 C:/devkitPro/portlibs/ppc/lib\libwildmidi.a(internal_midi.o)
                0x80014258                _WM_SetupMidiEvent
 .text._WM_get_patch_data
                0x80015a6c       0xd8 C:/devkitPro/portlibs/ppc/lib\libwildmidi.a(patches.o)
                0x80015a6c                _WM_get_patch_data
 .text._WM_load_patch
                0x80015b44      0x1cc C:/devkitPro/portlibs/ppc/lib\libwildmidi.a(patches.o)
                0x80015b44                _WM_load_patch
 .text._WM_ParseNewXmi
                0x80015d10      0x7c0 C:/devkitPro/portlibs/ppc/lib\libwildmidi.a(f_xmidi.o)
                0x80015d10                _WM_ParseNewXmi
 .text._WM_ParseNewMus
                0x800164d0      0x810 C:/devkitPro/portlibs/ppc/lib\libwildmidi.a(f_mus.o)
                0x800164d0                _WM_ParseNewMus
 .text._WM_ParseNewHmp
                0x80016ce0      0xa64 C:/devkitPro/portlibs/ppc/lib\libwildmidi.a(f_hmp.o)
                0x80016ce0                _WM_ParseNewHmp
 .text._WM_ParseNewMidi
                0x80017744      0xd8c C:/devkitPro/portlibs/ppc/lib\libwildmidi.a(f_midi.o)
                0x80017744                _WM_ParseNewMidi
 .text._WM_ParseNewHmi
                0x800184d0      0xd98 C:/devkitPro/portlibs/ppc/lib\libwildmidi.a(f_hmi.o)
                0x800184d0                _WM_ParseNewHmi
 .text._WM_get_sample_data
                0x80019268       0xf4 C:/devkitPro/portlibs/ppc/lib\libwildmidi.a(sample.o)
                0x80019268                _WM_get_sample_data
 .text._WM_load_sample
                0x8001935c      0x9f0 C:/devkitPro/portlibs/ppc/lib\libwildmidi.a(sample.o)
                0x8001935c                _WM_load_sample
 .text._WM_DEBUG_MSG
                0x80019d4c       0xbc C:/devkitPro/portlibs/ppc/lib\libwildmidi.a(wm_error.o)
                0x80019d4c                _WM_DEBUG_MSG
 .text._WM_GLOBAL_ERROR
                0x80019e08      0x218 C:/devkitPro/portlibs/ppc/lib\libwildmidi.a(wm_error.o)
                0x80019e08                _WM_GLOBAL_ERROR
 .text._WM_FreeBufferFileImpl
                0x8001a020        0x4 C:/devkitPro/portlibs/ppc/lib\libwildmidi.a(file_io.o)
                0x8001a020                _WM_FreeBufferFileImpl
 .text._WM_BufferFileImpl
                0x8001a024      0x268 C:/devkitPro/portlibs/ppc/lib\libwildmidi.a(file_io.o)
                0x8001a024                _WM_BufferFileImpl
 .text._WM_Lock
                0x8001a28c       0x64 C:/devkitPro/portlibs/ppc/lib\libwildmidi.a(lock.o)
                0x8001a28c                _WM_Lock
 .text._WM_Unlock
                0x8001a2f0       0x18 C:/devkitPro/portlibs/ppc/lib\libwildmidi.a(lock.o)
                0x8001a2f0                _WM_Unlock
 .text.convert_16urp
                0x8001a308      0x208 C:/devkitPro/portlibs/ppc/lib\libwildmidi.a(gus_pat.o)
 .text.convert_8urp
                0x8001a510      0x2bc C:/devkitPro/portlibs/ppc/lib\libwildmidi.a(gus_pat.o)
 .text.convert_16srp
                0x8001a7cc      0x1d8 C:/devkitPro/portlibs/ppc/lib\libwildmidi.a(gus_pat.o)
 .text.convert_8srp
                0x8001a9a4      0x294 C:/devkitPro/portlibs/ppc/lib\libwildmidi.a(gus_pat.o)
 .text.convert_16ur
                0x8001ac38      0x164 C:/devkitPro/portlibs/ppc/lib\libwildmidi.a(gus_pat.o)
 .text.convert_16sr
                0x8001ad9c      0x1a4 C:/devkitPro/portlibs/ppc/lib\libwildmidi.a(gus_pat.o)
 .text.convert_16up
                0x8001af40      0x364 C:/devkitPro/portlibs/ppc/lib\libwildmidi.a(gus_pat.o)
 .text.convert_8up
                0x8001b2a4      0x2b0 C:/devkitPro/portlibs/ppc/lib\libwildmidi.a(gus_pat.o)
 .text.convert_16sp
                0x8001b554      0x388 C:/devkitPro/portlibs/ppc/lib\libwildmidi.a(gus_pat.o)
 .text.convert_8sp
                0x8001b8dc      0x280 C:/devkitPro/portlibs/ppc/lib\libwildmidi.a(gus_pat.o)
 .text.convert_8ur
                0x8001bb5c      0x144 C:/devkitPro/portlibs/ppc/lib\libwildmidi.a(gus_pat.o)
 .text.convert_8sr
                0x8001bca0      0x134 C:/devkitPro/portlibs/ppc/lib\libwildmidi.a(gus_pat.o)
 .text.convert_16u
                0x8001bdd4      0x138 C:/devkitPro/portlibs/ppc/lib\libwildmidi.a(gus_pat.o)
 .text.convert_8u
                0x8001bf0c      0x118 C:/devkitPro/portlibs/ppc/lib\libwildmidi.a(gus_pat.o)
 .text.convert_16s
                0x8001c024      0x178 C:/devkitPro/portlibs/ppc/lib\libwildmidi.a(gus_pat.o)
 .text.convert_8s
                0x8001c19c       0xfc C:/devkitPro/portlibs/ppc/lib\libwildmidi.a(gus_pat.o)
 .text._WM_load_gus_pat
                0x8001c298      0xc24 C:/devkitPro/portlibs/ppc/lib\libwildmidi.a(gus_pat.o)
                0x8001c298                _WM_load_gus_pat
 .text.fatMount
                0x8001cebc      0x118 C:/devkitPro/libogc/lib/wii\libfat.a(libfat.o)
                0x8001cebc                fatMount
 .text.fatInit  0x8001cfd4      0x190 C:/devkitPro/libogc/lib/wii\libfat.a(libfat.o)
                0x8001cfd4                fatInit
 .text.fatInitDefault
                0x8001d164        0xc C:/devkitPro/libogc/lib/wii\libfat.a(libfat.o)
                0x8001d164                fatInitDefault
 .text.u8array_to_u16
                0x8001d170       0x14 C:/devkitPro/libogc/lib/wii\libfat.a(directory.o)
 .text._FAT_directory_entryGetAlias
                0x8001d184      0x11c C:/devkitPro/libogc/lib/wii\libfat.a(directory.o)
 .text._FAT_directory_incrementDirEntryPosition
                0x8001d2a0       0xf4 C:/devkitPro/libogc/lib/wii\libfat.a(directory.o)
 .text._FAT_directory_mbsncasecmp
                0x8001d394       0xe8 C:/devkitPro/libogc/lib/wii\libfat.a(directory.o)
 .text._FAT_fat_clusterToSector
                0x8001d47c       0x28 C:/devkitPro/libogc/lib/wii\libfat.a(directory.o)
 .text._FAT_directory_ucs2tombs.constprop.0
                0x8001d4a4       0xd8 C:/devkitPro/libogc/lib/wii\libfat.a(directory.o)
 .text._FAT_directory_entryGetCluster
                0x8001d57c       0x4c C:/devkitPro/libogc/lib/wii\libfat.a(directory.o)
                0x8001d57c                _FAT_directory_entryGetCluster
 .text._FAT_directory_getNextEntry
                0x8001d5c8      0x2cc C:/devkitPro/libogc/lib/wii\libfat.a(directory.o)
                0x8001d5c8                _FAT_directory_getNextEntry
 .text._FAT_directory_getFirstEntry
                0x8001d894       0x24 C:/devkitPro/libogc/lib/wii\libfat.a(directory.o)
                0x8001d894                _FAT_directory_getFirstEntry
 .text._FAT_directory_entryExists
                0x8001d8b8       0xc8 C:/devkitPro/libogc/lib/wii\libfat.a(directory.o)
 .text._FAT_directory_getRootEntry
                0x8001d980       0xa0 C:/devkitPro/libogc/lib/wii\libfat.a(directory.o)
                0x8001d980                _FAT_directory_getRootEntry
 .text._FAT_directory_entryFromPosition
                0x8001da20      0x1d0 C:/devkitPro/libogc/lib/wii\libfat.a(directory.o)
                0x8001da20                _FAT_directory_entryFromPosition
 .text._FAT_directory_entryFromPath
                0x8001dbf0      0x26c C:/devkitPro/libogc/lib/wii\libfat.a(directory.o)
                0x8001dbf0                _FAT_directory_entryFromPath
 .text._FAT_directory_removeEntry
                0x8001de5c      0x100 C:/devkitPro/libogc/lib/wii\libfat.a(directory.o)
                0x8001de5c                _FAT_directory_removeEntry
 .text._FAT_directory_addEntry
                0x8001df5c      0x940 C:/devkitPro/libogc/lib/wii\libfat.a(directory.o)
                0x8001df5c                _FAT_directory_addEntry
 .text._FAT_directory_chdir
                0x8001e89c       0x60 C:/devkitPro/libogc/lib/wii\libfat.a(directory.o)
                0x8001e89c                _FAT_directory_chdir
 .text._FAT_directory_entryStat
                0x8001e8fc      0x140 C:/devkitPro/libogc/lib/wii\libfat.a(directory.o)
                0x8001e8fc                _FAT_directory_entryStat
 .text._FAT_filetime_getTimeFromRTC
                0x8001ea3c       0x84 C:/devkitPro/libogc/lib/wii\libfat.a(filetime.o)
                0x8001ea3c                _FAT_filetime_getTimeFromRTC
 .text._FAT_filetime_getDateFromRTC
                0x8001eac0       0x84 C:/devkitPro/libogc/lib/wii\libfat.a(filetime.o)
                0x8001eac0                _FAT_filetime_getDateFromRTC
 .text._FAT_filetime_to_time_t
                0x8001eb44       0x64 C:/devkitPro/libogc/lib/wii\libfat.a(filetime.o)
                0x8001eb44                _FAT_filetime_to_time_t
 .text._FAT_fat_writeFatEntry.isra.0
                0x8001eba8      0x1c0 C:/devkitPro/libogc/lib/wii\libfat.a(file_allocation_table.o)
 .text._FAT_fat_nextCluster
                0x8001ed68      0x198 C:/devkitPro/libogc/lib/wii\libfat.a(file_allocation_table.o)
                0x8001ed68                _FAT_fat_nextCluster
 .text._FAT_fat_linkFreeCluster
                0x8001ef00       0xe4 C:/devkitPro/libogc/lib/wii\libfat.a(file_allocation_table.o)
                0x8001ef00                _FAT_fat_linkFreeCluster
 .text._FAT_fat_linkFreeClusterCleared
                0x8001efe4       0xbc C:/devkitPro/libogc/lib/wii\libfat.a(file_allocation_table.o)
                0x8001efe4                _FAT_fat_linkFreeClusterCleared
 .text._FAT_fat_clearLinks
                0x8001f0a0       0xc4 C:/devkitPro/libogc/lib/wii\libfat.a(file_allocation_table.o)
                0x8001f0a0                _FAT_fat_clearLinks
 .text._FAT_fat_trimChain
                0x8001f164       0xb4 C:/devkitPro/libogc/lib/wii\libfat.a(file_allocation_table.o)
                0x8001f164                _FAT_fat_trimChain
 .text._FAT_fat_lastCluster
                0x8001f218       0x68 C:/devkitPro/libogc/lib/wii\libfat.a(file_allocation_table.o)
                0x8001f218                _FAT_fat_lastCluster
 .text._FAT_fat_freeClusterCount
                0x8001f280       0x54 C:/devkitPro/libogc/lib/wii\libfat.a(file_allocation_table.o)
                0x8001f280                _FAT_fat_freeClusterCount
 .text.get_io_wiisd
                0x8001f2d4        0xc C:/devkitPro/libogc/lib/wii\libfat.a(disc.o)
 .text.get_io_usbstorage
                0x8001f2e0        0xc C:/devkitPro/libogc/lib/wii\libfat.a(disc.o)
 .text.get_io_gcsda
                0x8001f2ec        0xc C:/devkitPro/libogc/lib/wii\libfat.a(disc.o)
 .text.get_io_gcsdb
                0x8001f2f8        0xc C:/devkitPro/libogc/lib/wii\libfat.a(disc.o)
 .text._FAT_check_position_for_next_cluster
                0x8001f304      0x110 C:/devkitPro/libogc/lib/wii\libfat.a(fatfile.o)
 .text._FAT_fat_clusterToSector
                0x8001f414       0x28 C:/devkitPro/libogc/lib/wii\libfat.a(fatfile.o)
 .text._FAT_unlock.isra.0
                0x8001f43c        0x4 C:/devkitPro/libogc/lib/wii\libfat.a(fatfile.o)
 .text._FAT_lock.isra.0
                0x8001f440        0x4 C:/devkitPro/libogc/lib/wii\libfat.a(fatfile.o)
 .text._FAT_file_extend_r
                0x8001f444      0x288 C:/devkitPro/libogc/lib/wii\libfat.a(fatfile.o)
 .text._FAT_open_r
                0x8001f6cc      0x3b0 C:/devkitPro/libogc/lib/wii\libfat.a(fatfile.o)
                0x8001f6cc                _FAT_open_r
 .text._FAT_syncToDisc
                0x8001fa7c      0x12c C:/devkitPro/libogc/lib/wii\libfat.a(fatfile.o)
                0x8001fa7c                _FAT_syncToDisc
 .text._FAT_close_r
                0x8001fba8       0xc4 C:/devkitPro/libogc/lib/wii\libfat.a(fatfile.o)
                0x8001fba8                _FAT_close_r
 .text._FAT_read_r
                0x8001fc6c      0x3c0 C:/devkitPro/libogc/lib/wii\libfat.a(fatfile.o)
                0x8001fc6c                _FAT_read_r
 .text._FAT_write_r
                0x8002002c      0x54c C:/devkitPro/libogc/lib/wii\libfat.a(fatfile.o)
                0x8002002c                _FAT_write_r
 .text._FAT_seek_r
                0x80020578      0x1dc C:/devkitPro/libogc/lib/wii\libfat.a(fatfile.o)
                0x80020578                _FAT_seek_r
 .text._FAT_fstat_r
                0x80020754       0xd8 C:/devkitPro/libogc/lib/wii\libfat.a(fatfile.o)
                0x80020754                _FAT_fstat_r
 .text._FAT_ftruncate_r
                0x8002082c      0x1f0 C:/devkitPro/libogc/lib/wii\libfat.a(fatfile.o)
                0x8002082c                _FAT_ftruncate_r
 .text._FAT_fsync_r
                0x80020a1c       0x70 C:/devkitPro/libogc/lib/wii\libfat.a(fatfile.o)
                0x80020a1c                _FAT_fsync_r
 .text._FAT_cache_getPage
                0x80020a8c      0x158 C:/devkitPro/libogc/lib/wii\libfat.a(cache.o)
 .text._FAT_cache_constructor
                0x80020be4       0xd0 C:/devkitPro/libogc/lib/wii\libfat.a(cache.o)
                0x80020be4                _FAT_cache_constructor
 .text._FAT_cache_readSectors
                0x80020cb4       0xa8 C:/devkitPro/libogc/lib/wii\libfat.a(cache.o)
                0x80020cb4                _FAT_cache_readSectors
 .text._FAT_cache_readPartialSector
                0x80020d5c       0x90 C:/devkitPro/libogc/lib/wii\libfat.a(cache.o)
                0x80020d5c                _FAT_cache_readPartialSector
 .text._FAT_cache_readLittleEndianValue
                0x80020dec       0x78 C:/devkitPro/libogc/lib/wii\libfat.a(cache.o)
                0x80020dec                _FAT_cache_readLittleEndianValue
 .text._FAT_cache_writePartialSector
                0x80020e64       0x98 C:/devkitPro/libogc/lib/wii\libfat.a(cache.o)
                0x80020e64                _FAT_cache_writePartialSector
 .text._FAT_cache_writeLittleEndianValue
                0x80020efc       0x68 C:/devkitPro/libogc/lib/wii\libfat.a(cache.o)
                0x80020efc                _FAT_cache_writeLittleEndianValue
 .text._FAT_cache_eraseWritePartialSector
                0x80020f64       0xb0 C:/devkitPro/libogc/lib/wii\libfat.a(cache.o)
                0x80020f64                _FAT_cache_eraseWritePartialSector
 .text._FAT_cache_writeSectors
                0x80021014       0xb0 C:/devkitPro/libogc/lib/wii\libfat.a(cache.o)
                0x80021014                _FAT_cache_writeSectors
 .text._FAT_cache_flush
                0x800210c4       0x90 C:/devkitPro/libogc/lib/wii\libfat.a(cache.o)
                0x800210c4                _FAT_cache_flush
 .text._FAT_unlock.isra.0
                0x80021154        0x4 C:/devkitPro/libogc/lib/wii\libfat.a(fatdir.o)
 .text._FAT_lock.isra.0
                0x80021158        0x4 C:/devkitPro/libogc/lib/wii\libfat.a(fatdir.o)
 .text._FAT_unlinkCommon
                0x8002115c      0x1f4 C:/devkitPro/libogc/lib/wii\libfat.a(fatdir.o)
 .text._FAT_stat_r
                0x80021350       0xc4 C:/devkitPro/libogc/lib/wii\libfat.a(fatdir.o)
                0x80021350                _FAT_stat_r
 .text._FAT_link_r
                0x80021414       0x10 C:/devkitPro/libogc/lib/wii\libfat.a(fatdir.o)
                0x80021414                _FAT_link_r
 .text._FAT_unlink_r
                0x80021424        0x8 C:/devkitPro/libogc/lib/wii\libfat.a(fatdir.o)
                0x80021424                _FAT_unlink_r
 .text._FAT_chdir_r
                0x8002142c       0xa4 C:/devkitPro/libogc/lib/wii\libfat.a(fatdir.o)
                0x8002142c                _FAT_chdir_r
 .text._FAT_rename_r
                0x800214d0      0x244 C:/devkitPro/libogc/lib/wii\libfat.a(fatdir.o)
                0x800214d0                _FAT_rename_r
 .text._FAT_mkdir_r
                0x80021714      0x2d4 C:/devkitPro/libogc/lib/wii\libfat.a(fatdir.o)
                0x80021714                _FAT_mkdir_r
 .text._FAT_rmdir_r
                0x800219e8        0x8 C:/devkitPro/libogc/lib/wii\libfat.a(fatdir.o)
                0x800219e8                _FAT_rmdir_r
 .text._FAT_statvfs_r
                0x800219f0       0xd0 C:/devkitPro/libogc/lib/wii\libfat.a(fatdir.o)
                0x800219f0                _FAT_statvfs_r
 .text._FAT_diropen_r
                0x80021ac0      0x108 C:/devkitPro/libogc/lib/wii\libfat.a(fatdir.o)
                0x80021ac0                _FAT_diropen_r
 .text._FAT_dirreset_r
                0x80021bc8       0x74 C:/devkitPro/libogc/lib/wii\libfat.a(fatdir.o)
                0x80021bc8                _FAT_dirreset_r
 .text._FAT_dirnext_r
                0x80021c3c       0xc4 C:/devkitPro/libogc/lib/wii\libfat.a(fatdir.o)
                0x80021c3c                _FAT_dirnext_r
 .text._FAT_dirclose_r
                0x80021d00       0x40 C:/devkitPro/libogc/lib/wii\libfat.a(fatdir.o)
                0x80021d00                _FAT_dirclose_r
 .text.u8array_to_u16
                0x80021d40       0x14 C:/devkitPro/libogc/lib/wii\libfat.a(partition.o)
 .text.u8array_to_u32
                0x80021d54       0x30 C:/devkitPro/libogc/lib/wii\libfat.a(partition.o)
 .text.u32_to_u8array
                0x80021d84       0x20 C:/devkitPro/libogc/lib/wii\libfat.a(partition.o)
 .text.isValidMBR
                0x80021da4       0x7c C:/devkitPro/libogc/lib/wii\libfat.a(partition.o)
 .text._FAT_disc_readSectors.constprop.0.isra.0
                0x80021e20       0x10 C:/devkitPro/libogc/lib/wii\libfat.a(partition.o)
 .text._FAT_updateFS_INFO
                0x80021e30       0x70 C:/devkitPro/libogc/lib/wii\libfat.a(partition.o)
 .text.FindFirstValidPartition_buf
                0x80021ea0      0x150 C:/devkitPro/libogc/lib/wii\libfat.a(partition.o)
                0x80021ea0                FindFirstValidPartition_buf
 .text._FAT_partition_getPartitionFromPath
                0x80021ff0       0x2c C:/devkitPro/libogc/lib/wii\libfat.a(partition.o)
                0x80021ff0                _FAT_partition_getPartitionFromPath
 .text._FAT_partition_createFSinfo
                0x8002201c       0x9c C:/devkitPro/libogc/lib/wii\libfat.a(partition.o)
                0x8002201c                _FAT_partition_createFSinfo
 .text._FAT_partition_readFSinfo
                0x800220b8      0x114 C:/devkitPro/libogc/lib/wii\libfat.a(partition.o)
                0x800220b8                _FAT_partition_readFSinfo
 .text._FAT_partition_constructor_buf
                0x800221cc      0x328 C:/devkitPro/libogc/lib/wii\libfat.a(partition.o)
                0x800221cc                _FAT_partition_constructor_buf
 .text._FAT_partition_constructor
                0x800224f4       0x68 C:/devkitPro/libogc/lib/wii\libfat.a(partition.o)
                0x800224f4                _FAT_partition_constructor
 .text.acl_wlp_completed
                0x8002255c        0x8 C:/devkitPro/libogc/lib/wii\libbte.a(bte.o)
                0x8002255c                acl_wlp_completed
 .text.bt_alarmhandler
                0x80022564       0x58 C:/devkitPro/libogc/lib/wii\libbte.a(bte.o)
 .text.__bte_send_pending_request
                0x800225bc      0x108 C:/devkitPro/libogc/lib/wii\libbte.a(bte.o)
 .text.acl_conn_complete
                0x800226c4       0x2c C:/devkitPro/libogc/lib/wii\libbte.a(bte.o)
                0x800226c4                acl_conn_complete
 .text.l2cap_accepted
                0x800226f0      0x134 C:/devkitPro/libogc/lib/wii\libbte.a(bte.o)
                0x800226f0                l2cap_accepted
 .text.l2cap_disconnect_cfm
                0x80022824      0x19c C:/devkitPro/libogc/lib/wii\libbte.a(bte.o)
                0x80022824                l2cap_disconnect_cfm
 .text.bte_process_input
                0x800229c0      0x128 C:/devkitPro/libogc/lib/wii\libbte.a(bte.o)
 .text.l2cap_disconnected_ind
                0x80022ae8      0x1a4 C:/devkitPro/libogc/lib/wii\libbte.a(bte.o)
                0x80022ae8                l2cap_disconnected_ind
 .text.__bte_shutdown_finished
                0x80022c8c       0xe0 C:/devkitPro/libogc/lib/wii\libbte.a(bte.o)
 .text.bte_hci_apply_patch_complete
                0x80022d6c      0x164 C:/devkitPro/libogc/lib/wii\libbte.a(bte.o)
                0x80022d6c                bte_hci_apply_patch_complete
 .text.bte_hci_patch_complete
                0x80022ed0      0x380 C:/devkitPro/libogc/lib/wii\libbte.a(bte.o)
                0x80022ed0                bte_hci_patch_complete
 .text.bte_hci_initcore_complete
                0x80023250      0x280 C:/devkitPro/libogc/lib/wii\libbte.a(bte.o)
                0x80023250                bte_hci_initcore_complete
 .text.bte_read_stored_link_key_complete
                0x800234d0      0x27c C:/devkitPro/libogc/lib/wii\libbte.a(bte.o)
                0x800234d0                bte_read_stored_link_key_complete
 .text.bte_hci_initcore_complete2
                0x8002374c      0x22c C:/devkitPro/libogc/lib/wii\libbte.a(bte.o)
 .text.bte_hci_initsub_complete
                0x80023978      0x280 C:/devkitPro/libogc/lib/wii\libbte.a(bte.o)
                0x80023978                bte_hci_initsub_complete
 .text.BTE_Init
                0x80023bf8      0x138 C:/devkitPro/libogc/lib/wii\libbte.a(bte.o)
                0x80023bf8                BTE_Init
 .text.BTE_Shutdown
                0x80023d30      0x100 C:/devkitPro/libogc/lib/wii\libbte.a(bte.o)
                0x80023d30                BTE_Shutdown
 .text.BTE_InitCore
                0x80023e30       0x8c C:/devkitPro/libogc/lib/wii\libbte.a(bte.o)
                0x80023e30                BTE_InitCore
 .text.BTE_ApplyPatch
                0x80023ebc       0xa4 C:/devkitPro/libogc/lib/wii\libbte.a(bte.o)
                0x80023ebc                BTE_ApplyPatch
 .text.BTE_InitSub
                0x80023f60       0x90 C:/devkitPro/libogc/lib/wii\libbte.a(bte.o)
                0x80023f60                BTE_InitSub
 .text.BTE_ReadStoredLinkKey
                0x80023ff0       0x90 C:/devkitPro/libogc/lib/wii\libbte.a(bte.o)
                0x80023ff0                BTE_ReadStoredLinkKey
 .text.BTE_SetDisconnectCallback
                0x80024080        0x4 C:/devkitPro/libogc/lib/wii\libbte.a(bte.o)
                0x80024080                BTE_SetDisconnectCallback
 .text.bte_new  0x80024084       0x54 C:/devkitPro/libogc/lib/wii\libbte.a(bte.o)
                0x80024084                bte_new
 .text.bte_registerdeviceasync
                0x800240d8      0x158 C:/devkitPro/libogc/lib/wii\libbte.a(bte.o)
                0x800240d8                bte_registerdeviceasync
 .text.bte_disconnect
                0x80024230       0xd8 C:/devkitPro/libogc/lib/wii\libbte.a(bte.o)
                0x80024230                bte_disconnect
 .text.bte_senddata
                0x80024308      0x104 C:/devkitPro/libogc/lib/wii\libbte.a(bte.o)
                0x80024308                bte_senddata
 .text.bte_arg  0x8002440c       0x38 C:/devkitPro/libogc/lib/wii\libbte.a(bte.o)
                0x8002440c                bte_arg
 .text.bte_received
                0x80024444       0x38 C:/devkitPro/libogc/lib/wii\libbte.a(bte.o)
                0x80024444                bte_received
 .text.bte_disconnected
                0x8002447c       0x38 C:/devkitPro/libogc/lib/wii\libbte.a(bte.o)
                0x8002447c                bte_disconnected
 .text.hci_get_link
                0x800244b4       0x84 C:/devkitPro/libogc/lib/wii\libbte.a(hci.o)
 .text.hci_init
                0x80024538       0x80 C:/devkitPro/libogc/lib/wii\libbte.a(hci.o)
                0x80024538                hci_init
 .text.hci_close
                0x800245b8       0xd0 C:/devkitPro/libogc/lib/wii\libbte.a(hci.o)
                0x800245b8                hci_close
 .text.hci_reset_all
                0x80024688       0xb8 C:/devkitPro/libogc/lib/wii\libbte.a(hci.o)
                0x80024688                hci_reset_all
 .text.hci_arg  0x80024740        0xc C:/devkitPro/libogc/lib/wii\libbte.a(hci.o)
                0x80024740                hci_arg
 .text.hci_cmd_complete
                0x8002474c        0xc C:/devkitPro/libogc/lib/wii\libbte.a(hci.o)
                0x8002474c                hci_cmd_complete
 .text.hci_connection_complete
                0x80024758        0xc C:/devkitPro/libogc/lib/wii\libbte.a(hci.o)
                0x80024758                hci_connection_complete
 .text.hci_wlp_complete
                0x80024764        0xc C:/devkitPro/libogc/lib/wii\libbte.a(hci.o)
                0x80024764                hci_wlp_complete
 .text.hci_reset
                0x80024770       0xac C:/devkitPro/libogc/lib/wii\libbte.a(hci.o)
                0x80024770                hci_reset
 .text.hci_read_buffer_size
                0x8002481c       0xac C:/devkitPro/libogc/lib/wii\libbte.a(hci.o)
                0x8002481c                hci_read_buffer_size
 .text.hci_read_bd_addr
                0x800248c8       0xac C:/devkitPro/libogc/lib/wii\libbte.a(hci.o)
                0x800248c8                hci_read_bd_addr
 .text.hci_read_local_version
                0x80024974       0xa8 C:/devkitPro/libogc/lib/wii\libbte.a(hci.o)
                0x80024974                hci_read_local_version
 .text.hci_read_local_features
                0x80024a1c       0xac C:/devkitPro/libogc/lib/wii\libbte.a(hci.o)
                0x80024a1c                hci_read_local_features
 .text.hci_read_stored_link_key
                0x80024ac8      0x100 C:/devkitPro/libogc/lib/wii\libbte.a(hci.o)
                0x80024ac8                hci_read_stored_link_key
 .text.hci_write_page_timeout
                0x80024bc8       0xd0 C:/devkitPro/libogc/lib/wii\libbte.a(hci.o)
                0x80024bc8                hci_write_page_timeout
 .text.hci_write_scan_enable
                0x80024c98       0xbc C:/devkitPro/libogc/lib/wii\libbte.a(hci.o)
                0x80024c98                hci_write_scan_enable
 .text.hci_accecpt_conn_request
                0x80024d54       0xe0 C:/devkitPro/libogc/lib/wii\libbte.a(hci.o)
                0x80024d54                hci_accecpt_conn_request
 .text.hci_write_local_name
                0x80024e34       0xd8 C:/devkitPro/libogc/lib/wii\libbte.a(hci.o)
                0x80024e34                hci_write_local_name
 .text.hci_write_pin_type
                0x80024f0c       0xbc C:/devkitPro/libogc/lib/wii\libbte.a(hci.o)
                0x80024f0c                hci_write_pin_type
 .text.hci_write_inquiry_mode
                0x80024fc8       0xbc C:/devkitPro/libogc/lib/wii\libbte.a(hci.o)
                0x80024fc8                hci_write_inquiry_mode
 .text.hci_write_page_scan_type
                0x80025084       0xbc C:/devkitPro/libogc/lib/wii\libbte.a(hci.o)
                0x80025084                hci_write_page_scan_type
 .text.hci_write_inquiry_scan_type
                0x80025140       0xbc C:/devkitPro/libogc/lib/wii\libbte.a(hci.o)
                0x80025140                hci_write_inquiry_scan_type
 .text.hci_vendor_specific_command
                0x800251fc       0xe8 C:/devkitPro/libogc/lib/wii\libbte.a(hci.o)
                0x800251fc                hci_vendor_specific_command
 .text.hci_write_link_policy_settings
                0x800252e4      0x104 C:/devkitPro/libogc/lib/wii\libbte.a(hci.o)
                0x800252e4                hci_write_link_policy_settings
 .text.hci_pin_code_request_neg_reply
                0x800253e8       0xcc C:/devkitPro/libogc/lib/wii\libbte.a(hci.o)
                0x800253e8                hci_pin_code_request_neg_reply
 .text.hci_link_key_req_neg_reply
                0x800254b4       0xcc C:/devkitPro/libogc/lib/wii\libbte.a(hci.o)
                0x800254b4                hci_link_key_req_neg_reply
 .text.hci_disconnect
                0x80025580       0xfc C:/devkitPro/libogc/lib/wii\libbte.a(hci.o)
                0x80025580                hci_disconnect
 .text.hci_write_cod
                0x8002567c       0xcc C:/devkitPro/libogc/lib/wii\libbte.a(hci.o)
                0x8002567c                hci_write_cod
 .text.hci_host_buffer_size
                0x80025748      0x10c C:/devkitPro/libogc/lib/wii\libbte.a(hci.o)
                0x80025748                hci_host_buffer_size
 .text.hci_host_num_comp_packets
                0x80025854      0x108 C:/devkitPro/libogc/lib/wii\libbte.a(hci.o)
                0x80025854                hci_host_num_comp_packets
 .text.lp_pdu_maxsize
                0x8002595c        0xc C:/devkitPro/libogc/lib/wii\libbte.a(hci.o)
                0x8002595c                lp_pdu_maxsize
 .text.lp_acl_write
                0x80025968      0x158 C:/devkitPro/libogc/lib/wii\libbte.a(hci.o)
                0x80025968                lp_acl_write
 .text.lp_write_flush_timeout
                0x80025ac0      0x104 C:/devkitPro/libogc/lib/wii\libbte.a(hci.o)
                0x80025ac0                lp_write_flush_timeout
 .text.hci_event_handler
                0x80025bc4      0xc7c C:/devkitPro/libogc/lib/wii\libbte.a(hci.o)
                0x80025bc4                hci_event_handler
 .text.hci_acldata_handler
                0x80026840      0x11c C:/devkitPro/libogc/lib/wii\libbte.a(hci.o)
                0x80026840                hci_acldata_handler
 .text.l2cap_init
                0x8002695c       0x60 C:/devkitPro/libogc/lib/wii\libbte.a(l2cap.o)
                0x8002695c                l2cap_init
 .text.l2cap_write
                0x800269bc      0x1a0 C:/devkitPro/libogc/lib/wii\libbte.a(l2cap.o)
                0x800269bc                l2cap_write
 .text.l2cap_new
                0x80026b5c       0x60 C:/devkitPro/libogc/lib/wii\libbte.a(l2cap.o)
                0x80026b5c                l2cap_new
 .text.l2cap_close
                0x80026bbc      0x1d4 C:/devkitPro/libogc/lib/wii\libbte.a(l2cap.o)
                0x80026bbc                l2cap_close
 .text.l2cap_reset_all
                0x80026d90      0x154 C:/devkitPro/libogc/lib/wii\libbte.a(l2cap.o)
                0x80026d90                l2cap_reset_all
 .text.l2cap_signal
                0x80026ee4      0x204 C:/devkitPro/libogc/lib/wii\libbte.a(l2cap.o)
                0x80026ee4                l2cap_signal
 .text.l2ca_config_req
                0x800270e8      0x158 C:/devkitPro/libogc/lib/wii\libbte.a(l2cap.o)
                0x800270e8                l2ca_config_req
 .text.l2ca_disconnect_req
                0x80027240       0xcc C:/devkitPro/libogc/lib/wii\libbte.a(l2cap.o)
                0x80027240                l2ca_disconnect_req
 .text.l2cap_tmr
                0x8002730c      0x260 C:/devkitPro/libogc/lib/wii\libbte.a(l2cap.o)
                0x8002730c                l2cap_tmr
 .text.l2cap_process_sig
                0x8002756c     0x1334 C:/devkitPro/libogc/lib/wii\libbte.a(l2cap.o)
                0x8002756c                l2cap_process_sig
 .text.l2cap_input
                0x800288a0      0x578 C:/devkitPro/libogc/lib/wii\libbte.a(l2cap.o)
                0x800288a0                l2cap_input
 .text.l2ca_datawrite
                0x80028e18      0x128 C:/devkitPro/libogc/lib/wii\libbte.a(l2cap.o)
                0x80028e18                l2ca_datawrite
 .text.lp_connect_cfm
                0x80028f40      0x184 C:/devkitPro/libogc/lib/wii\libbte.a(l2cap.o)
                0x80028f40                lp_connect_cfm
 .text.lp_connect_ind
                0x800290c4        0x4 C:/devkitPro/libogc/lib/wii\libbte.a(l2cap.o)
                0x800290c4                lp_connect_ind
 .text.lp_disconnect_ind
                0x800290c8      0x124 C:/devkitPro/libogc/lib/wii\libbte.a(l2cap.o)
                0x800290c8                lp_disconnect_ind
 .text.l2cap_disconnect_bb
                0x800291ec       0x10 C:/devkitPro/libogc/lib/wii\libbte.a(l2cap.o)
                0x800291ec                l2cap_disconnect_bb
 .text.l2cap_arg
                0x800291fc        0x8 C:/devkitPro/libogc/lib/wii\libbte.a(l2cap.o)
                0x800291fc                l2cap_arg
 .text.l2cap_connect_ind
                0x80029204      0x104 C:/devkitPro/libogc/lib/wii\libbte.a(l2cap.o)
                0x80029204                l2cap_connect_ind
 .text.l2cap_disconnect_ind
                0x80029308        0x8 C:/devkitPro/libogc/lib/wii\libbte.a(l2cap.o)
                0x80029308                l2cap_disconnect_ind
 .text.l2cap_recv
                0x80029310        0x8 C:/devkitPro/libogc/lib/wii\libbte.a(l2cap.o)
                0x80029310                l2cap_recv
 .text.btmemb_init
                0x80029318       0x24 C:/devkitPro/libogc/lib/wii\libbte.a(btmemb.o)
                0x80029318                btmemb_init
 .text.btmemb_alloc
                0x8002933c       0x98 C:/devkitPro/libogc/lib/wii\libbte.a(btmemb.o)
                0x8002933c                btmemb_alloc
 .text.btmemb_free
                0x800293d4      0x114 C:/devkitPro/libogc/lib/wii\libbte.a(btmemb.o)
                0x800293d4                btmemb_free
 .text.plug_holes
                0x800294e8       0xac C:/devkitPro/libogc/lib/wii\libbte.a(btmemr.o)
 .text.btmemr_init
                0x80029594       0xa4 C:/devkitPro/libogc/lib/wii\libbte.a(btmemr.o)
                0x80029594                btmemr_init
 .text.btmemr_malloc
                0x80029638      0x17c C:/devkitPro/libogc/lib/wii\libbte.a(btmemr.o)
                0x80029638                btmemr_malloc
 .text.btmemr_free
                0x800297b4       0x98 C:/devkitPro/libogc/lib/wii\libbte.a(btmemr.o)
                0x800297b4                btmemr_free
 .text.btmemr_realloc
                0x8002984c      0x108 C:/devkitPro/libogc/lib/wii\libbte.a(btmemr.o)
                0x8002984c                btmemr_realloc
 .text.btpbuf_init
                0x80029954       0x28 C:/devkitPro/libogc/lib/wii\libbte.a(btpbuf.o)
                0x80029954                btpbuf_init
 .text.btpbuf_free
                0x8002997c      0x11c C:/devkitPro/libogc/lib/wii\libbte.a(btpbuf.o)
                0x8002997c                btpbuf_free
 .text.btpbuf_alloc
                0x80029a98      0x250 C:/devkitPro/libogc/lib/wii\libbte.a(btpbuf.o)
                0x80029a98                btpbuf_alloc
 .text.btpbuf_realloc
                0x80029ce8      0x110 C:/devkitPro/libogc/lib/wii\libbte.a(btpbuf.o)
                0x80029ce8                btpbuf_realloc
 .text.btpbuf_header
                0x80029df8       0x84 C:/devkitPro/libogc/lib/wii\libbte.a(btpbuf.o)
                0x80029df8                btpbuf_header
 .text.btpbuf_ref
                0x80029e7c       0x48 C:/devkitPro/libogc/lib/wii\libbte.a(btpbuf.o)
                0x80029e7c                btpbuf_ref
 .text.btpbuf_chain
                0x80029ec4       0x9c C:/devkitPro/libogc/lib/wii\libbte.a(btpbuf.o)
                0x80029ec4                btpbuf_chain
 .text.btpbuf_dechain
                0x80029f60       0x7c C:/devkitPro/libogc/lib/wii\libbte.a(btpbuf.o)
                0x80029f60                btpbuf_dechain
 .text.btpbuf_take
                0x80029fdc      0x13c C:/devkitPro/libogc/lib/wii\libbte.a(btpbuf.o)
                0x80029fdc                btpbuf_take
 .text.__usb_closeCB
                0x8002a118       0x10 C:/devkitPro/libogc/lib/wii\libbte.a(physbusif.o)
 .text.__writebulkmsgCB
                0x8002a128       0x3c C:/devkitPro/libogc/lib/wii\libbte.a(physbusif.o)
 .text.__writectrlmsgCB
                0x8002a164       0x3c C:/devkitPro/libogc/lib/wii\libbte.a(physbusif.o)
 .text.__issue_intrread.part.0
                0x8002a1a0       0x80 C:/devkitPro/libogc/lib/wii\libbte.a(physbusif.o)
 .text.__readintrdataCB
                0x8002a220      0x148 C:/devkitPro/libogc/lib/wii\libbte.a(physbusif.o)
 .text.__issue_bulkread.part.0
                0x8002a368       0x80 C:/devkitPro/libogc/lib/wii\libbte.a(physbusif.o)
 .text.__readbulkdataCB
                0x8002a3e8      0x148 C:/devkitPro/libogc/lib/wii\libbte.a(physbusif.o)
 .text.physbusif_init
                0x8002a530      0x1ec C:/devkitPro/libogc/lib/wii\libbte.a(physbusif.o)
                0x8002a530                physbusif_init
 .text.physbusif_close
                0x8002a71c       0x20 C:/devkitPro/libogc/lib/wii\libbte.a(physbusif.o)
                0x8002a71c                physbusif_close
 .text.physbusif_shutdown
                0x8002a73c       0x24 C:/devkitPro/libogc/lib/wii\libbte.a(physbusif.o)
                0x8002a73c                physbusif_shutdown
 .text.physbusif_reset_all
                0x8002a760        0x4 C:/devkitPro/libogc/lib/wii\libbte.a(physbusif.o)
                0x8002a760                physbusif_reset_all
 .text.physbusif_output
                0x8002a764      0x1c4 C:/devkitPro/libogc/lib/wii\libbte.a(physbusif.o)
                0x8002a764                physbusif_output
 .text.__dsp_donecallback
                0x8002a928        0xc C:/devkitPro/libogc/lib/wii\libasnd.a(asndlib.o)
 .text.__dsp_initcallback
                0x8002a934       0x58 C:/devkitPro/libogc/lib/wii\libasnd.a(asndlib.o)
 .text.audio_dma_callback
                0x8002a98c      0x5a0 C:/devkitPro/libogc/lib/wii\libasnd.a(asndlib.o)
 .text.__dsp_requestcallback
                0x8002af2c      0x65c C:/devkitPro/libogc/lib/wii\libasnd.a(asndlib.o)
 .text.ASND_Init
                0x8002b588      0x1c0 C:/devkitPro/libogc/lib/wii\libasnd.a(asndlib.o)
                0x8002b588                ASND_Init
 .text.ASND_SetVoice
                0x8002b748      0x200 C:/devkitPro/libogc/lib/wii\libasnd.a(asndlib.o)
                0x8002b748                ASND_SetVoice
 .text.ASND_Pause
                0x8002b948        0x8 C:/devkitPro/libogc/lib/wii\libasnd.a(asndlib.o)
                0x8002b948                ASND_Pause
 .text.__console_clear_line
                0x8002b950       0xb4 C:/devkitPro/libogc/lib/wii\libogc.a(console.o)
 .text.__console_clear
                0x8002ba04       0xbc C:/devkitPro/libogc/lib/wii\libogc.a(console.o)
 .text.__console_write
                0x8002bac0      0x820 C:/devkitPro/libogc/lib/wii\libogc.a(console.o)
                0x8002bac0                __console_write
 .text.__console_init
                0x8002c2e0      0x120 C:/devkitPro/libogc/lib/wii\libogc.a(console.o)
                0x8002c2e0                __console_init
 .text.CON_Init
                0x8002c400        0x4 C:/devkitPro/libogc/lib/wii\libogc.a(console.o)
                0x8002c400                CON_Init
 .text.CON_GetMetrics
                0x8002c404       0x20 C:/devkitPro/libogc/lib/wii\libogc.a(console.o)
                0x8002c404                CON_GetMetrics
 .text.CON_EnableGecko
                0x8002c424      0x100 C:/devkitPro/libogc/lib/wii\libogc.a(console.o)
                0x8002c424                CON_EnableGecko
 .text.__lwp_queue_initialize
                0x8002c524       0x98 C:/devkitPro/libogc/lib/wii\libogc.a(lwp_queue.o)
                0x8002c524                __lwp_queue_initialize
 .text.__lwp_queue_get
                0x8002c5bc       0x74 C:/devkitPro/libogc/lib/wii\libogc.a(lwp_queue.o)
                0x8002c5bc                __lwp_queue_get
 .text.__lwp_queue_append
                0x8002c630       0x4c C:/devkitPro/libogc/lib/wii\libogc.a(lwp_queue.o)
                0x8002c630                __lwp_queue_append
 .text.__syscall_getreent
                0x8002c67c       0x24 C:/devkitPro/libogc/lib/wii\libogc.a(lwp_threads.o)
                0x8002c67c                __syscall_getreent
 .text.__lwp_isr_in_progress
                0x8002c6a0        0x8 C:/devkitPro/libogc/lib/wii\libogc.a(lwp_threads.o)
                0x8002c6a0                __lwp_isr_in_progress
 .text.__thread_dispatch_fp
                0x8002c6a8       0x88 C:/devkitPro/libogc/lib/wii\libogc.a(lwp_threads.o)
                0x8002c6a8                __thread_dispatch_fp
 .text.__thread_dispatch
                0x8002c730       0xf4 C:/devkitPro/libogc/lib/wii\libogc.a(lwp_threads.o)
                0x8002c730                __thread_dispatch
 .text.__lwp_thread_resettimeslice
                0x8002c824       0xb4 C:/devkitPro/libogc/lib/wii\libogc.a(lwp_threads.o)
                0x8002c824                __lwp_thread_resettimeslice
 .text.__lwp_thread_tickle_timeslice
                0x8002c8d8       0xc8 C:/devkitPro/libogc/lib/wii\libogc.a(lwp_threads.o)
                0x8002c8d8                __lwp_thread_tickle_timeslice
 .text.__lwp_thread_setstate
                0x8002c9a0      0x16c C:/devkitPro/libogc/lib/wii\libogc.a(lwp_threads.o)
                0x8002c9a0                __lwp_thread_setstate
 .text.__lwp_thread_clearstate
                0x8002cb0c       0xe4 C:/devkitPro/libogc/lib/wii\libogc.a(lwp_threads.o)
                0x8002cb0c                __lwp_thread_clearstate
 .text.__lwp_thread_delayended
                0x8002cbf0       0x48 C:/devkitPro/libogc/lib/wii\libogc.a(lwp_threads.o)
                0x8002cbf0                __lwp_thread_delayended
 .text.__lwp_thread_settransient
                0x8002cc38       0xb4 C:/devkitPro/libogc/lib/wii\libogc.a(lwp_threads.o)
                0x8002cc38                __lwp_thread_settransient
 .text.__lwp_thread_changepriority
                0x8002ccec      0x1f8 C:/devkitPro/libogc/lib/wii\libogc.a(lwp_threads.o)
                0x8002ccec                __lwp_thread_changepriority
 .text.__lwp_thread_ready
                0x8002cee4       0xf0 C:/devkitPro/libogc/lib/wii\libogc.a(lwp_threads.o)
                0x8002cee4                __lwp_thread_ready
 .text.__lwp_thread_init
                0x8002cfd4      0x160 C:/devkitPro/libogc/lib/wii\libogc.a(lwp_threads.o)
                0x8002cfd4                __lwp_thread_init
 .text.__lwp_thread_close
                0x8002d134      0x144 C:/devkitPro/libogc/lib/wii\libogc.a(lwp_threads.o)
                0x8002d134                __lwp_thread_close
 .text.__lwp_thread_handler
                0x8002d278       0xc0 C:/devkitPro/libogc/lib/wii\libogc.a(lwp_threads.o)
 .text.__lwp_thread_closeall
                0x8002d338       0xb0 C:/devkitPro/libogc/lib/wii\libogc.a(lwp_threads.o)
                0x8002d338                __lwp_thread_closeall
 .text.__lwp_thread_start
                0x8002d3e8      0x150 C:/devkitPro/libogc/lib/wii\libogc.a(lwp_threads.o)
                0x8002d3e8                __lwp_thread_start
 .text.__lwp_thread_startmultitasking
                0x8002d538       0xac C:/devkitPro/libogc/lib/wii\libogc.a(lwp_threads.o)
                0x8002d538                __lwp_thread_startmultitasking
 .text.__lwp_thread_stopmultitasking
                0x8002d5e4       0x58 C:/devkitPro/libogc/lib/wii\libogc.a(lwp_threads.o)
                0x8002d5e4                __lwp_thread_stopmultitasking
 .text.__lwp_thread_coreinit
                0x8002d63c       0xc4 C:/devkitPro/libogc/lib/wii\libogc.a(lwp_threads.o)
                0x8002d63c                __lwp_thread_coreinit
 .text.idle_func
                0x8002d700        0x4 C:/devkitPro/libogc/lib/wii\libogc.a(lwp.o)
 .text.__lwp_sysinit
                0x8002d704      0x114 C:/devkitPro/libogc/lib/wii\libogc.a(lwp.o)
                0x8002d704                __lwp_sysinit
 .text.LWP_CreateThread
                0x8002d818      0x1b0 C:/devkitPro/libogc/lib/wii\libogc.a(lwp.o)
                0x8002d818                LWP_CreateThread
 .text.LWP_InitQueue
                0x8002d9c8      0x140 C:/devkitPro/libogc/lib/wii\libogc.a(lwp.o)
                0x8002d9c8                LWP_InitQueue
 .text.LWP_CloseQueue
                0x8002db08       0xd4 C:/devkitPro/libogc/lib/wii\libogc.a(lwp.o)
                0x8002db08                LWP_CloseQueue
 .text.LWP_ThreadSleep
                0x8002dbdc       0xf8 C:/devkitPro/libogc/lib/wii\libogc.a(lwp.o)
                0x8002dbdc                LWP_ThreadSleep
 .text.LWP_ThreadBroadcast
                0x8002dcd4       0x88 C:/devkitPro/libogc/lib/wii\libogc.a(lwp.o)
                0x8002dcd4                LWP_ThreadBroadcast
 .text.LWP_ThreadSignal
                0x8002dd5c       0x74 C:/devkitPro/libogc/lib/wii\libogc.a(lwp.o)
                0x8002dd5c                LWP_ThreadSignal
 .text.__lwp_stack_allocate
                0x8002ddd0       0x60 C:/devkitPro/libogc/lib/wii\libogc.a(lwp_stack.o)
                0x8002ddd0                __lwp_stack_allocate
 .text.__lwp_stack_free
                0x8002de30       0x1c C:/devkitPro/libogc/lib/wii\libogc.a(lwp_stack.o)
                0x8002de30                __lwp_stack_free
 .text.__lwp_wd_settimer
                0x8002de4c       0xe0 C:/devkitPro/libogc/lib/wii\libogc.a(lwp_watchdog.o)
 .text.__lwp_watchdog_init
                0x8002df2c       0x2c C:/devkitPro/libogc/lib/wii\libogc.a(lwp_watchdog.o)
                0x8002df2c                __lwp_watchdog_init
 .text.__lwp_wd_insert
                0x8002df58      0x194 C:/devkitPro/libogc/lib/wii\libogc.a(lwp_watchdog.o)
                0x8002df58                __lwp_wd_insert
 .text.__lwp_wd_remove
                0x8002e0ec      0x138 C:/devkitPro/libogc/lib/wii\libogc.a(lwp_watchdog.o)
                0x8002e0ec                __lwp_wd_remove
 .text.__lwp_wd_tickle
                0x8002e224      0x120 C:/devkitPro/libogc/lib/wii\libogc.a(lwp_watchdog.o)
                0x8002e224                __lwp_wd_tickle
 .text.__lwp_wkspace_init
                0x8002e344       0xc0 C:/devkitPro/libogc/lib/wii\libogc.a(lwp_wkspace.o)
                0x8002e344                __lwp_wkspace_init
 .text.__lwp_objmgr_initinfo
                0x8002e404      0x1a0 C:/devkitPro/libogc/lib/wii\libogc.a(lwp_objmgr.o)
                0x8002e404                __lwp_objmgr_initinfo
 .text.__lwp_objmgr_getisrdisable
                0x8002e5a4       0x60 C:/devkitPro/libogc/lib/wii\libogc.a(lwp_objmgr.o)
                0x8002e5a4                __lwp_objmgr_getisrdisable
 .text.__lwp_objmgr_getnoprotection
                0x8002e604       0x24 C:/devkitPro/libogc/lib/wii\libogc.a(lwp_objmgr.o)
                0x8002e604                __lwp_objmgr_getnoprotection
 .text.__lwp_objmgr_get
                0x8002e628       0x6c C:/devkitPro/libogc/lib/wii\libogc.a(lwp_objmgr.o)
                0x8002e628                __lwp_objmgr_get
 .text.__lwp_objmgr_allocate
                0x8002e694       0x88 C:/devkitPro/libogc/lib/wii\libogc.a(lwp_objmgr.o)
                0x8002e694                __lwp_objmgr_allocate
 .text.__lwp_objmgr_free
                0x8002e71c       0x60 C:/devkitPro/libogc/lib/wii\libogc.a(lwp_objmgr.o)
                0x8002e71c                __lwp_objmgr_free
 .text.__lwp_heap_init
                0x8002e77c       0xa4 C:/devkitPro/libogc/lib/wii\libogc.a(lwp_heap.o)
                0x8002e77c                __lwp_heap_init
 .text.__lwp_heap_allocate
                0x8002e820      0x160 C:/devkitPro/libogc/lib/wii\libogc.a(lwp_heap.o)
                0x8002e820                __lwp_heap_allocate
 .text.__lwp_heap_free
                0x8002e980      0x188 C:/devkitPro/libogc/lib/wii\libogc.a(lwp_heap.o)
                0x8002e980                __lwp_heap_free
 .text.__SetInterrupts
                0x8002eb08      0x268 C:/devkitPro/libogc/lib/wii\libogc.a(irq.o)
 .text.c_irqdispatcher
                0x8002ed70      0x278 C:/devkitPro/libogc/lib/wii\libogc.a(irq.o)
                0x8002ed70                c_irqdispatcher
 .text.__UnmaskIrq
                0x8002efe8       0x84 C:/devkitPro/libogc/lib/wii\libogc.a(irq.o)
                0x8002efe8                __UnmaskIrq
 .text.__MaskIrq
                0x8002f06c       0x84 C:/devkitPro/libogc/lib/wii\libogc.a(irq.o)
                0x8002f06c                __MaskIrq
 .text.__irq_init
                0x8002f0f0       0x9c C:/devkitPro/libogc/lib/wii\libogc.a(irq.o)
                0x8002f0f0                __irq_init
 .text.IRQ_Request
                0x8002f18c       0x50 C:/devkitPro/libogc/lib/wii\libogc.a(irq.o)
                0x8002f18c                IRQ_Request
 .text.IRQ_GetHandler
                0x8002f1dc       0x44 C:/devkitPro/libogc/lib/wii\libogc.a(irq.o)
                0x8002f1dc                IRQ_GetHandler
 .text.IRQ_Disable
                0x8002f220       0x1c C:/devkitPro/libogc/lib/wii\libogc.a(irq.o)
                0x8002f220                IRQ_Disable
 .text.IRQ_Restore
                0x8002f23c       0x1c C:/devkitPro/libogc/lib/wii\libogc.a(irq.o)
                0x8002f23c                IRQ_Restore
 .text.__VISendI2CData.constprop.0.isra.0
                0x8002f258      0x450 C:/devkitPro/libogc/lib/wii\libogc.a(video.o)
 .text.__setFbbRegs.constprop.0
                0x8002f6a8      0x190 C:/devkitPro/libogc/lib/wii\libogc.a(video.o)
 .text.__VISetYUVSEL
                0x8002f838       0xb8 C:/devkitPro/libogc/lib/wii\libogc.a(video.o)
 .text.VIDEO_Configure
                0x8002f8f0      0x5ec C:/devkitPro/libogc/lib/wii\libogc.a(video.o)
                0x8002f8f0                VIDEO_Configure
 .text.VIDEO_WaitVSync
                0x8002fedc       0x74 C:/devkitPro/libogc/lib/wii\libogc.a(video.o)
                0x8002fedc                VIDEO_WaitVSync
 .text.VIDEO_SetFramebuffer
                0x8002ff50      0x108 C:/devkitPro/libogc/lib/wii\libogc.a(video.o)
                0x8002ff50                VIDEO_SetFramebuffer
 .text.VIDEO_SetNextFramebuffer
                0x80030058       0x70 C:/devkitPro/libogc/lib/wii\libogc.a(video.o)
                0x80030058                VIDEO_SetNextFramebuffer
 .text.VIDEO_Flush
                0x800300c8       0xf4 C:/devkitPro/libogc/lib/wii\libogc.a(video.o)
                0x800300c8                VIDEO_Flush
 .text.VIDEO_SetBlack
                0x800301bc      0x15c C:/devkitPro/libogc/lib/wii\libogc.a(video.o)
                0x800301bc                VIDEO_SetBlack
 .text.VIDEO_GetCurrentTvMode
                0x80030318       0x78 C:/devkitPro/libogc/lib/wii\libogc.a(video.o)
                0x80030318                VIDEO_GetCurrentTvMode
 .text.__VIRetraceHandler
                0x80030390      0x298 C:/devkitPro/libogc/lib/wii\libogc.a(video.o)
 .text.__VISetupEncoder
                0x80030628      0x2cc C:/devkitPro/libogc/lib/wii\libogc.a(video.o)
 .text.VIDEO_Init
                0x800308f4      0x4e4 C:/devkitPro/libogc/lib/wii\libogc.a(video.o)
                0x800308f4                VIDEO_Init
 .text.VIDEO_GetPreferredMode
                0x80030dd8      0x108 C:/devkitPro/libogc/lib/wii\libogc.a(video.o)
                0x80030dd8                VIDEO_GetPreferredMode
 .text.VIDEO_GetCurrentLine
                0x80030ee0       0x9c C:/devkitPro/libogc/lib/wii\libogc.a(video.o)
                0x80030ee0                VIDEO_GetCurrentLine
 .text.VIDEO_GetFrameBufferSize
                0x80030f7c       0x34 C:/devkitPro/libogc/lib/wii\libogc.a(video.o)
                0x80030f7c                VIDEO_GetFrameBufferSize
 .text.VIDEO_ClearFrameBuffer
                0x80030fb0       0x3c C:/devkitPro/libogc/lib/wii\libogc.a(video.o)
                0x80030fb0                VIDEO_ClearFrameBuffer
 .text.__lwp_mutex_locksupp.constprop.0
                0x80030fec      0x2a8 C:/devkitPro/libogc/lib/wii\libogc.a(mutex.o)
 .text.__lwp_mutex_init
                0x80031294       0x14 C:/devkitPro/libogc/lib/wii\libogc.a(mutex.o)
                0x80031294                __lwp_mutex_init
 .text.LWP_MutexInit
                0x800312a8      0x100 C:/devkitPro/libogc/lib/wii\libogc.a(mutex.o)
                0x800312a8                LWP_MutexInit
 .text.LWP_MutexDestroy
                0x800313a8       0xf0 C:/devkitPro/libogc/lib/wii\libogc.a(mutex.o)
                0x800313a8                LWP_MutexDestroy
 .text.LWP_MutexLock
                0x80031498        0x8 C:/devkitPro/libogc/lib/wii\libogc.a(mutex.o)
                0x80031498                LWP_MutexLock
 .text.LWP_MutexUnlock
                0x800314a0       0x9c C:/devkitPro/libogc/lib/wii\libogc.a(mutex.o)
                0x800314a0                LWP_MutexUnlock
 .text.__call_resetfuncs
                0x8003153c       0xbc C:/devkitPro/libogc/lib/wii\libogc.a(system.o)
 .text.__MEMInterruptHandler
                0x800315f8       0x14 C:/devkitPro/libogc/lib/wii\libogc.a(system.o)
 .text.__RSWDefaultHandler
                0x8003160c        0x4 C:/devkitPro/libogc/lib/wii\libogc.a(system.o)
 .text.__POWDefaultHandler
                0x80031610        0x4 C:/devkitPro/libogc/lib/wii\libogc.a(system.o)
 .text.__STMEventHandler
                0x80031614      0x104 C:/devkitPro/libogc/lib/wii\libogc.a(system.o)
 .text.__getrtc
                0x80031718      0x13c C:/devkitPro/libogc/lib/wii\libogc.a(system.o)
 .text.__sram_write
                0x80031854      0x130 C:/devkitPro/libogc/lib/wii\libogc.a(system.o)
 .text.__sram_writecallback
                0x80031984       0x54 C:/devkitPro/libogc/lib/wii\libogc.a(system.o)
 .text.__mem_onreset
                0x800319d8       0x48 C:/devkitPro/libogc/lib/wii\libogc.a(system.o)
 .text.__unlocksram
                0x80031a20      0x174 C:/devkitPro/libogc/lib/wii\libogc.a(system.o)
 .text.__sys_alarmhandler
                0x80031b94      0x154 C:/devkitPro/libogc/lib/wii\libogc.a(system.o)
 .text.__syscall_malloc_lock
                0x80031ce8        0x4 C:/devkitPro/libogc/lib/wii\libogc.a(system.o)
                0x80031ce8                __syscall_malloc_lock
 .text.__syscall_malloc_unlock
                0x80031cec        0x4 C:/devkitPro/libogc/lib/wii\libogc.a(system.o)
                0x80031cec                __syscall_malloc_unlock
 .text.__syscall_gettod_r
                0x80031cf0        0x4 C:/devkitPro/libogc/lib/wii\libogc.a(system.o)
                0x80031cf0                __syscall_gettod_r
 .text.__syscall_nanosleep
                0x80031cf4        0x4 C:/devkitPro/libogc/lib/wii\libogc.a(system.o)
                0x80031cf4                __syscall_nanosleep
 .text.__SYS_GetRTC
                0x80031cf8       0xa0 C:/devkitPro/libogc/lib/wii\libogc.a(system.o)
                0x80031cf8                __SYS_GetRTC
 .text.__SYS_SetBootTime
                0x80031d98      0x108 C:/devkitPro/libogc/lib/wii\libogc.a(system.o)
                0x80031d98                __SYS_SetBootTime
 .text.__SYS_GetIPCBufferLo
                0x80031ea0        0x8 C:/devkitPro/libogc/lib/wii\libogc.a(system.o)
                0x80031ea0                __SYS_GetIPCBufferLo
 .text.__SYS_GetIPCBufferHi
                0x80031ea8        0x8 C:/devkitPro/libogc/lib/wii\libogc.a(system.o)
                0x80031ea8                __SYS_GetIPCBufferHi
 .text.__SYS_DoPowerCB
                0x80031eb0       0x74 C:/devkitPro/libogc/lib/wii\libogc.a(system.o)
                0x80031eb0                __SYS_DoPowerCB
 .text.__SYS_PreInit
                0x80031f24        0x4 C:/devkitPro/libogc/lib/wii\libogc.a(system.o)
                0x80031f24                __SYS_PreInit
 .text.SYS_PreMain
                0x80031f28       0x7c C:/devkitPro/libogc/lib/wii\libogc.a(system.o)
                0x80031f28                SYS_PreMain
 .text.SYS_ResetButtonDown
                0x80031fa4       0x18 C:/devkitPro/libogc/lib/wii\libogc.a(system.o)
                0x80031fa4                SYS_ResetButtonDown
 .text.SYS_ResetSystem
                0x80031fbc      0x210 C:/devkitPro/libogc/lib/wii\libogc.a(system.o)
                0x80031fbc                SYS_ResetSystem
 .text.__reload
                0x800321cc       0x80 C:/devkitPro/libogc/lib/wii\libogc.a(system.o)
                0x800321cc                __reload
 .text.__syscall_exit
                0x8003224c       0x88 C:/devkitPro/libogc/lib/wii\libogc.a(system.o)
                0x8003224c                __syscall_exit
 .text.SYS_RegisterResetFunc
                0x800322d4       0x78 C:/devkitPro/libogc/lib/wii\libogc.a(system.o)
                0x800322d4                SYS_RegisterResetFunc
 .text.SYS_SetArena1Lo
                0x8003234c       0x38 C:/devkitPro/libogc/lib/wii\libogc.a(system.o)
                0x8003234c                SYS_SetArena1Lo
 .text.SYS_GetArena1Lo
                0x80032384       0x38 C:/devkitPro/libogc/lib/wii\libogc.a(system.o)
                0x80032384                SYS_GetArena1Lo
 .text.SYS_GetArena1Hi
                0x800323bc       0x38 C:/devkitPro/libogc/lib/wii\libogc.a(system.o)
                0x800323bc                SYS_GetArena1Hi
 .text.SYS_SetArena2Lo
                0x800323f4       0x38 C:/devkitPro/libogc/lib/wii\libogc.a(system.o)
                0x800323f4                SYS_SetArena2Lo
 .text.SYS_GetArena2Lo
                0x8003242c       0x38 C:/devkitPro/libogc/lib/wii\libogc.a(system.o)
                0x8003242c                SYS_GetArena2Lo
 .text.SYS_SetArena2Hi
                0x80032464       0x38 C:/devkitPro/libogc/lib/wii\libogc.a(system.o)
                0x80032464                SYS_SetArena2Hi
 .text.SYS_GetArena2Hi
                0x8003249c       0x38 C:/devkitPro/libogc/lib/wii\libogc.a(system.o)
                0x8003249c                SYS_GetArena2Hi
 .text.SYS_AllocateFramebuffer
                0x800324d4       0x28 C:/devkitPro/libogc/lib/wii\libogc.a(system.o)
                0x800324d4                SYS_AllocateFramebuffer
 .text.SYS_CreateAlarm